MADC_prog.c:41:14:MADC_enInit	24	static
MADC_prog.c:121:14:MADC_enSampleChannel	24	static
MADC_prog.c:147:14:MADC_enRegSingleChannel	24	static
MADC_prog.c:183:14:MADC_enInjSingleChannel	24	static
MADC_prog.c:218:14:MADC_enInjGroupChannel	24	static
MADC_prog.c:242:14:MADC_enRegGroupChannel	24	static
MADC_prog.c:289:14:MADC_enEnableInt	24	static
MADC_prog.c:305:14:MADC_enDisableInt	24	static
MADC_prog.c:321:14:MADC_enIntCallBack	24	static
MADC_prog.c:337:13:MADC_RegEnable	4	static
MADC_prog.c:354:6:ADC1_2_IRQHandler	8	static
