Archive member included to satisfy reference by file (symbol)

c:/st/stm32cubeide_1.6.1/stm32cubeide/plugins/com.st.stm32cube.ide.mcu.externaltools.gnu-tools-for-stm32.9-2020-q2-update.win32_1.5.0.202011040924/tools/bin/../lib/gcc/arm-none-eabi/9.3.1/../../../../arm-none-eabi/lib/thumb/v7-m/nofp\libc_nano.a(lib_a-exit.o)
                              c:/st/stm32cubeide_1.6.1/stm32cubeide/plugins/com.st.stm32cube.ide.mcu.externaltools.gnu-tools-for-stm32.9-2020-q2-update.win32_1.5.0.202011040924/tools/bin/../lib/gcc/arm-none-eabi/9.3.1/../../../../arm-none-eabi/lib/thumb/v7-m/nofp/crt0.o (exit)
c:/st/stm32cubeide_1.6.1/stm32cubeide/plugins/com.st.stm32cube.ide.mcu.externaltools.gnu-tools-for-stm32.9-2020-q2-update.win32_1.5.0.202011040924/tools/bin/../lib/gcc/arm-none-eabi/9.3.1/../../../../arm-none-eabi/lib/thumb/v7-m/nofp\libc_nano.a(lib_a-impure.o)
                              c:/st/stm32cubeide_1.6.1/stm32cubeide/plugins/com.st.stm32cube.ide.mcu.externaltools.gnu-tools-for-stm32.9-2020-q2-update.win32_1.5.0.202011040924/tools/bin/../lib/gcc/arm-none-eabi/9.3.1/../../../../arm-none-eabi/lib/thumb/v7-m/nofp\libc_nano.a(lib_a-exit.o) (_global_impure_ptr)
c:/st/stm32cubeide_1.6.1/stm32cubeide/plugins/com.st.stm32cube.ide.mcu.externaltools.gnu-tools-for-stm32.9-2020-q2-update.win32_1.5.0.202011040924/tools/bin/../lib/gcc/arm-none-eabi/9.3.1/../../../../arm-none-eabi/lib/thumb/v7-m/nofp\libc_nano.a(lib_a-init.o)
                              c:/st/stm32cubeide_1.6.1/stm32cubeide/plugins/com.st.stm32cube.ide.mcu.externaltools.gnu-tools-for-stm32.9-2020-q2-update.win32_1.5.0.202011040924/tools/bin/../lib/gcc/arm-none-eabi/9.3.1/../../../../arm-none-eabi/lib/thumb/v7-m/nofp/crt0.o (__libc_init_array)
c:/st/stm32cubeide_1.6.1/stm32cubeide/plugins/com.st.stm32cube.ide.mcu.externaltools.gnu-tools-for-stm32.9-2020-q2-update.win32_1.5.0.202011040924/tools/bin/../lib/gcc/arm-none-eabi/9.3.1/../../../../arm-none-eabi/lib/thumb/v7-m/nofp\libc_nano.a(lib_a-memset.o)
                              c:/st/stm32cubeide_1.6.1/stm32cubeide/plugins/com.st.stm32cube.ide.mcu.externaltools.gnu-tools-for-stm32.9-2020-q2-update.win32_1.5.0.202011040924/tools/bin/../lib/gcc/arm-none-eabi/9.3.1/../../../../arm-none-eabi/lib/thumb/v7-m/nofp/crt0.o (memset)
c:/st/stm32cubeide_1.6.1/stm32cubeide/plugins/com.st.stm32cube.ide.mcu.externaltools.gnu-tools-for-stm32.9-2020-q2-update.win32_1.5.0.202011040924/tools/bin/../lib/gcc/arm-none-eabi/9.3.1/thumb/v7-m/nofp\libgcc.a(_arm_muldf3.o)
                              MCAL/GPTIM/TIMERx_program.o (__aeabi_dmul)
c:/st/stm32cubeide_1.6.1/stm32cubeide/plugins/com.st.stm32cube.ide.mcu.externaltools.gnu-tools-for-stm32.9-2020-q2-update.win32_1.5.0.202011040924/tools/bin/../lib/gcc/arm-none-eabi/9.3.1/thumb/v7-m/nofp\libgcc.a(_arm_mulsf3.o)
                              HAL/HULTRASONIC/HULTRASONIC_prog.o (__aeabi_fmul)
c:/st/stm32cubeide_1.6.1/stm32cubeide/plugins/com.st.stm32cube.ide.mcu.externaltools.gnu-tools-for-stm32.9-2020-q2-update.win32_1.5.0.202011040924/tools/bin/../lib/gcc/arm-none-eabi/9.3.1/thumb/v7-m/nofp\libgcc.a(_arm_addsubdf3.o)
                              MCAL/GPTIM/TIMERx_program.o (__aeabi_dadd)
c:/st/stm32cubeide_1.6.1/stm32cubeide/plugins/com.st.stm32cube.ide.mcu.externaltools.gnu-tools-for-stm32.9-2020-q2-update.win32_1.5.0.202011040924/tools/bin/../lib/gcc/arm-none-eabi/9.3.1/thumb/v7-m/nofp\libgcc.a(_arm_muldivdf3.o)
                              HAL/HRPLIDAR/RPLIDAR_program.o (__aeabi_ddiv)
c:/st/stm32cubeide_1.6.1/stm32cubeide/plugins/com.st.stm32cube.ide.mcu.externaltools.gnu-tools-for-stm32.9-2020-q2-update.win32_1.5.0.202011040924/tools/bin/../lib/gcc/arm-none-eabi/9.3.1/thumb/v7-m/nofp\libgcc.a(_arm_fixunsdfsi.o)
                              MCAL/GPTIM/TIMERx_program.o (__aeabi_d2uiz)
c:/st/stm32cubeide_1.6.1/stm32cubeide/plugins/com.st.stm32cube.ide.mcu.externaltools.gnu-tools-for-stm32.9-2020-q2-update.win32_1.5.0.202011040924/tools/bin/../lib/gcc/arm-none-eabi/9.3.1/thumb/v7-m/nofp\libgcc.a(_arm_truncdfsf2.o)
                              HAL/HRPLIDAR/RPLIDAR_program.o (__aeabi_d2f)
c:/st/stm32cubeide_1.6.1/stm32cubeide/plugins/com.st.stm32cube.ide.mcu.externaltools.gnu-tools-for-stm32.9-2020-q2-update.win32_1.5.0.202011040924/tools/bin/../lib/gcc/arm-none-eabi/9.3.1/thumb/v7-m/nofp\libgcc.a(_arm_addsubsf3.o)
                              HAL/HULTRASONIC/HULTRASONIC_prog.o (__aeabi_ui2f)
c:/st/stm32cubeide_1.6.1/stm32cubeide/plugins/com.st.stm32cube.ide.mcu.externaltools.gnu-tools-for-stm32.9-2020-q2-update.win32_1.5.0.202011040924/tools/bin/../lib/gcc/arm-none-eabi/9.3.1/thumb/v7-m/nofp\libgcc.a(_arm_muldivsf3.o)
                              HAL/HULTRASONIC/HULTRASONIC_prog.o (__aeabi_fdiv)
c:/st/stm32cubeide_1.6.1/stm32cubeide/plugins/com.st.stm32cube.ide.mcu.externaltools.gnu-tools-for-stm32.9-2020-q2-update.win32_1.5.0.202011040924/tools/bin/../lib/gcc/arm-none-eabi/9.3.1/thumb/v7-m/nofp\libgcc.a(_arm_cmpsf2.o)
[...]
Memory Configuration

Name             Origin             Length             Attributes
RAM              0x0000000020000000 0x0000000000005000 xrw
FLASH            0x0000000008000000 0x0000000000010000 xr
*default*        0x0000000000000000 0xffffffffffffffff

Linker script and memory map

LOAD c:/st/stm32cubeide_1.6.1/stm32cubeide/plugins/com.st.stm32cube.ide.mcu.externaltools.gnu-tools-for-stm32.9-2020-q2-update.win32_1.5.0.202011040924/tools/bin/../lib/gcc/arm-none-eabi/9.3.1/thumb/v7-m/nofp/crti.o
LOAD c:/st/stm32cubeide_1.6.1/stm32cubeide/plugins/com.st.stm32cube.ide.mcu.externaltools.gnu-tools-for-stm32.9-2020-q2-update.win32_1.5.0.202011040924/tools/bin/../lib/gcc/arm-none-eabi/9.3.1/thumb/v7-m/nofp/crtbegin.o
LOAD c:/st/stm32cubeide_1.6.1/stm32cubeide/plugins/com.st.stm32cube.ide.mcu.externaltools.gnu-tools-for-stm32.9-2020-q2-update.win32_1.5.0.202011040924/tools/bin/../lib/gcc/arm-none-eabi/9.3.1/../../../../arm-none-eabi/lib/thumb/v7-m/nofp/crt0.o
LOAD APP/Adaptive_CC/ACC_prog.o
LOAD APP/Analog_Sensor/Analog_prog.o
LOAD APP/Blindspot/Blindspot_prog.o
LOAD APP/Collesion_Avoidence/collesion_prog.o
LOAD APP/EmergencyBreak/Emergency_prog.o
LOAD APP/LaneKeepAssist/Lanekeeping_prog.o
LOAD APP/MobileApplication/Mobileapp_prog.o
LOAD APP/SleepMode/sleep_prog.o
LOAD HAL/DC MOTOR/HDCMOTOR_prog.o
LOAD HAL/ESP8266/ESP_program.o
LOAD HAL/HIR/IR_program.o
LOAD HAL/HLCD/HLCD_prog.o
LOAD HAL/HLM35 TEMP/HLM35_prog.o
LOAD HAL/HPIR/PIR_interface.o
LOAD HAL/HRAIN SENSOR/HRAIN_prog.o
LOAD HAL/HRPLIDAR/RPLIDAR_program.o
LOAD HAL/HULTRASONIC/HULTRASONIC_prog.o
LOAD MCAL/GPTIM/TIMERx_program.o
LOAD MCAL/MADC/MADC_prog.o
LOAD MCAL/MAFIO/MAFIO_prog.o
LOAD MCAL/MEXTI/MEXTI_prog.o
LOAD MCAL/MGPIO/MGPIO_prog.o
LOAD MCAL/MNVIC/MNVIC_prog.o
LOAD MCAL/MRCC/MRCC_prog.o
LOAD MCAL/MSYSTICK/MSYSTICK_prog.o
LOAD MCAL/MTIM1/MTIM1_prog.o
LOAD MCAL/MUSART/MUSART_prog.o
LOAD Src/main.o
LOAD Startup/startup_stm32f103c8tx.o
START GROUP
LOAD c:/st/stm32cubeide_1.6.1/stm32cubeide/plugins/com.st.stm32cube.ide.mcu.externaltools.gnu-tools-for-stm32.9-2020-q2-update.win32_1.5.0.202011040924/tools/bin/../lib/gcc/arm-none-eabi/9.3.1/../../../../arm-none-eabi/lib/thumb/v7-m/nofp\libc_nano.a
LOAD c:/st/stm32cubeide_1.6.1/stm32cubeide/plugins/com.st.stm32cube.ide.mcu.externaltools.gnu-tools-for-stm32.9-2020-q2-update.win32_1.5.0.202011040924/tools/bin/../lib/gcc/arm-none-eabi/9.3.1/../../../../arm-none-eabi/lib/thumb/v7-m/nofp\libm.a
END GROUP
START GROUP
LOAD c:/st/stm32cubeide_1.6.1/stm32cubeide/plugins/com.st.stm32cube.ide.mcu.externaltools.gnu-tools-for-stm32.9-2020-q2-update.win32_1.5.0.202011040924/tools/bin/../lib/gcc/arm-none-eabi/9.3.1/thumb/v7-m/nofp\libgcc.a
LOAD c:/st/stm32cubeide_1.6.1/stm32cubeide/plugins/com.st.stm32cube.ide.mcu.externaltools.gnu-tools-for-stm32.9-2020-q2-update.win32_1.5.0.202011040924/tools/bin/../lib/gcc/arm-none-eabi/9.3.1/../../../../arm-none-eabi/lib/thumb/v7-m/nofp\libc_nano.a
END GROUP
START GROUP
LOAD c:/st/stm32cubeide_1.6.1/stm32cubeide/plugins/com.st.stm32cube.ide.mcu.externaltools.gnu-tools-for-stm32.9-2020-q2-update.win32_1.5.0.202011040924/tools/bin/../lib/gcc/arm-none-eabi/9.3.1/thumb/v7-m/nofp\libgcc.a
LOAD c:/st/stm32cubeide_1.6.1/stm32cubeide/plugins/com.st.stm32cube.ide.mcu.externaltools.gnu-tools-for-stm32.9-2020-q2-update.win32_1.5.0.202011040924/tools/bin/../lib/gcc/arm-none-eabi/9.3.1/../../../../arm-none-eabi/lib/thumb/v7-m/nofp\libc_nano.a
LOAD c:/st/stm32cubeide_1.6.1/stm32cubeide/plugins/com.st.stm32cube.ide.mcu.externaltools.gnu-tools-for-stm32.9-2020-q2-update.win32_1.5.0.202011040924/tools/bin/../lib/gcc/arm-none-eabi/9.3.1/../../../../arm-none-eabi/lib/thumb/v7-m/nofp\libnosys.a
END GROUP
START GROUP
LOAD c:/st/stm32cubeide_1.6.1/stm32cubeide/plugins/com.st.stm32cube.ide.mcu.externaltools.gnu-tools-for-stm32.9-2020-q2-update.win32_1.5.0.202011040924/tools/bin/../lib/gcc/arm-none-eabi/9.3.1/thumb/v7-m/nofp\libgcc.a
LOAD c:/st/stm32cubeide_1.6.1/stm32cubeide/plugins/com.st.stm32cube.ide.mcu.externaltools.gnu-tools-for-stm32.9-2020-q2-update.win32_1.5.0.202011040924/tools/bin/../lib/gcc/arm-none-eabi/9.3.1/../../../../arm-none-eabi/lib/thumb/v7-m/nofp\libc_nano.a
LOAD c:/st/stm32cubeide_1.6.1/stm32cubeide/plugins/com.st.stm32cube.ide.mcu.externaltools.gnu-tools-for-stm32.9-2020-q2-update.win32_1.5.0.202011040924/tools/bin/../lib/gcc/arm-none-eabi/9.3.1/../../../../arm-none-eabi/lib/thumb/v7-m/nofp\libnosys.a
END GROUP
LOAD c:/st/stm32cubeide_1.6.1/stm32cubeide/plugins/com.st.stm32cube.ide.mcu.externaltools.gnu-tools-for-stm32.9-2020-q2-update.win32_1.5.0.202011040924/tools/bin/../lib/gcc/arm-none-eabi/9.3.1/thumb/v7-m/nofp/crtend.o
LOAD c:/st/stm32cubeide_1.6.1/stm32cubeide/plugins/com.st.stm32cube.ide.mcu.externaltools.gnu-tools-for-stm32.9-2020-q2-update.win32_1.5.0.202011040924/tools/bin/../lib/gcc/arm-none-eabi/9.3.1/thumb/v7-m/nofp/crtn.o
                0x0000000020005000                _estack = (ORIGIN (RAM) + LENGTH (RAM))
                0x0000000000000200                _Min_Heap_Size = 0x200
                0x0000000000000400                _Min_Stack_Size = 0x400

.isr_vector     0x0000000008000000      0x130
                0x0000000008000000                . = ALIGN (0x4)
 *(.isr_vector)
 .isr_vector    0x0000000008000000      0x130 Startup/startup_stm32f103c8tx.o
                0x0000000008000000                g_pfnVectors
                0x0000000008000130                . = ALIGN (0x4)

.text           0x0000000008000130     0x1de4
                0x0000000008000130                . = ALIGN (0x4)
 *(.text)
 .text          0x0000000008000130       0x40 c:/st/stm32cubeide_1.6.1/stm32cubeide/plugins/com.st.stm32cube.ide.mcu.externaltools.gnu-tools-for-stm32.9-2020-q2-update.win32_1.5.0.202011040924/tools/bin/../lib/gcc/arm-none-eabi/9.3.1/thumb/v7-m/nofp/crtbegin.o
 .text          0x0000000008000170      0x378 c:/st/stm32cubeide_1.6.1/stm32cubeide/plugins/com.st.stm32cube.ide.mcu.externaltools.gnu-tools-for-stm32.9-2020-q2-update.win32_1.5.0.202011040924/tools/bin/../lib/gcc/arm-none-eabi/9.3.1/thumb/v7-m/nofp\libgcc.a(_arm_addsubdf3.o)
                0x0000000008000170                __aeabi_drsub
                0x0000000008000178                __aeabi_dsub
                0x0000000008000178                __subdf3
                0x000000000800017c                __aeabi_dadd
                0x000000000800017c                __adddf3
                0x00000000080003f4                __floatunsidf
                0x00000000080003f4                __aeabi_ui2d
                0x0000000008000414                __floatsidf
                0x0000000008000414                __aeabi_i2d
                0x0000000008000438                __aeabi_f2d
                0x0000000008000438                __extendsfdf2
                0x000000000800047c                __floatundidf
                0x000000000800047c                __aeabi_ul2d
                0x000000000800048c                __floatdidf
                0x000000000800048c                __aeabi_l2d
 .text          0x00000000080004e8      0x424 c:/st/stm32cubeide_1.6.1/stm32cubeide/plugins/com.st.stm32cube.ide.mcu.externaltools.gnu-tools-for-stm32.9-2020-q2-update.win32_1.5.0.202011040924/tools/bin/../lib/gcc/arm-none-eabi/9.3.1/thumb/v7-m/nofp\libgcc.a(_arm_muldivdf3.o)
                0x00000000080004e8                __aeabi_dmul
                0x00000000080004e8                __muldf3
                0x000000000800073c                __divdf3
                0x000000000800073c                __aeabi_ddiv
 .text          0x000000000800090c       0x40 c:/st/stm32cubeide_1.6.1/stm32cubeide/plugins/com.st.stm32cube.ide.mcu.externaltools.gnu-tools-for-stm32.9-2020-q2-update.win32_1.5.0.202011040924/tools/bin/../lib/gcc/arm-none-eabi/9.3.1/thumb/v7-m/nofp\libgcc.a(_arm_fixunsdfsi.o)
                0x000000000800090c                __aeabi_d2uiz
                0x000000000800090c                __fixunsdfsi
 .text          0x000000000800094c       0xa0 c:/st/stm32cubeide_1.6.1/stm32cubeide/plugins/com.st.stm32cube.ide.mcu.externaltools.gnu-tools-for-stm32.9-2020-q2-update.win32_1.5.0.202011040924/tools/bin/../lib/gcc/arm-none-eabi/9.3.1/thumb/v7-m/nofp\libgcc.a(_arm_truncdfsf2.o)
                0x000000000800094c                __truncdfsf2
                0x000000000800094c                __aeabi_d2f
 .text          0x00000000080009ec      0x21c c:/st/stm32cubeide_1.6.1/stm32cubeide/plugins/com.st.stm32cube.ide.mcu.externaltools.gnu-tools-for-stm32.9-2020-q2-update.win32_1.5.0.202011040924/tools/bin/../lib/gcc/arm-none-eabi/9.3.1/thumb/v7-m/nofp\libgcc.a(_arm_addsubsf3.o)
                0x00000000080009ec                __aeabi_frsub
                0x00000000080009f4                __subsf3
                0x00000000080009f4                __aeabi_fsub
                0x00000000080009f8                __aeabi_fadd
                0x00000000080009f8                __addsf3
                0x0000000008000b58                __aeabi_ui2f
                0x0000000008000b58                __floatunsisf
                0x0000000008000b60                __aeabi_i2f
                0x0000000008000b60                __floatsisf
                0x0000000008000b7c                __aeabi_ul2f
                0x0000000008000b7c                __floatundisf
                0x0000000008000b8c                __aeabi_l2f
                0x0000000008000b8c                __floatdisf
 .text          0x0000000008000c08      0x2a0 c:/st/stm32cubeide_1.6.1/stm32cubeide/plugins/com.st.stm32cube.ide.mcu.externaltools.gnu-tools-for-stm32.9-2020-q2-update.win32_1.5.0.202011040924/tools/bin/../lib/gcc/arm-none-eabi/9.3.1/thumb/v7-m/nofp\libgcc.a(_arm_muldivsf3.o)
                0x0000000008000c08                __mulsf3
                0x0000000008000c08                __aeabi_fmul
                0x0000000008000d70                __aeabi_fdiv
                0x0000000008000d70                __divsf3
 .text          0x0000000008000ea8       0xec c:/st/stm32cubeide_1.6.1/stm32cubeide/plugins/com.st.stm32cube.ide.mcu.externaltools.gnu-tools-for-stm32.9-2020-q2-update.win32_1.5.0.202011040924/tools/bin/../lib/gcc/arm-none-eabi/9.3.1/thumb/v7-m/nofp\libgcc.a(_arm_cmpsf2.o)
                0x0000000008000ea8                __gesf2
                0x0000000008000ea8                __gtsf2
                0x0000000008000eb0                __lesf2
                0x0000000008000eb0                __ltsf2
                0x0000000008000eb8                __nesf2
                0x0000000008000eb8                __eqsf2
                0x0000000008000eb8                __cmpsf2
                0x0000000008000f18                __aeabi_cfrcmple
                0x0000000008000f20                __aeabi_cfcmpeq
                0x0000000008000f20                __aeabi_cfcmple
                0x0000000008000f30                __aeabi_fcmpeq
                0x0000000008000f44                __aeabi_fcmplt
                0x0000000008000f58                __aeabi_fcmple
                0x0000000008000f6c                __aeabi_fcmpge
                0x0000000008000f80                __aeabi_fcmpgt
 .text          0x0000000008000f94       0x40 c:/st/stm32cubeide_1.6.1/stm32cubeide/plugins/com.st.stm32cube.ide.mcu.externaltools.gnu-tools-for-stm32.9-2020-q2-update.win32_1.5.0.202011040924/tools/bin/../lib/gcc/arm-none-eabi/9.3.1/thumb/v7-m/nofp\libgcc.a(_arm_fixunssfsi.o)
                0x0000000008000f94                __fixunssfsi
                0x0000000008000f94                __aeabi_f2uiz
 *(.text*)
 .text.ADAS_Distance_Manager
                0x0000000008000fd4       0x94 APP/Blindspot/Blindspot_prog.o
                0x0000000008000fd4                ADAS_Distance_Manager
 .text.ADAS_laneKeeping
                0x0000000008001068       0xb2 APP/LaneKeepAssist/Lanekeeping_prog.o
                0x0000000008001068                ADAS_laneKeeping
 *fill*         0x000000000800111a        0x2 
 .text.ADAS_LaneChange
                0x000000000800111c       0xf0 APP/LaneKeepAssist/Lanekeeping_prog.o
                0x000000000800111c                ADAS_LaneChange
 .text.HDCMOTOR_voidForward
                0x000000000800120c       0x1c HAL/DC MOTOR/HDCMOTOR_prog.o
                0x000000000800120c                HDCMOTOR_voidForward
 .text.HDCMOTOR_voidTurnRight
                0x0000000008001228       0x1c HAL/DC MOTOR/HDCMOTOR_prog.o
                0x0000000008001228                HDCMOTOR_voidTurnRight
 .text.HDCMOTOR_voidTurnLeft
                0x0000000008001244       0x1c HAL/DC MOTOR/HDCMOTOR_prog.o
                0x0000000008001244                HDCMOTOR_voidTurnLeft
 .text.HDCMOTOR_voidDiretionalStop
                0x0000000008001260       0x1c HAL/DC MOTOR/HDCMOTOR_prog.o
                0x0000000008001260                HDCMOTOR_voidDiretionalStop
 .text.HDCMOTOR_voidForwardBackwardStop
                0x000000000800127c       0x1c HAL/DC MOTOR/HDCMOTOR_prog.o
                0x000000000800127c                HDCMOTOR_voidForwardBackwardStop
 .text.IR_IR_PinValueReadLeft
                0x0000000008001298       0x46 HAL/HIR/IR_program.o
                0x0000000008001298                IR_IR_PinValueReadLeft
 .text.IR_IR_PinValueReadRight
                0x00000000080012de       0x46 HAL/HIR/IR_program.o
                0x00000000080012de                IR_IR_PinValueReadRight
 .text.RPLIDAR_voidScanResponse
                0x0000000008001324      0x1ac HAL/HRPLIDAR/RPLIDAR_program.o
                0x0000000008001324                RPLIDAR_voidScanResponse
 .text.RPLIDAR_GetDistanceValue
                0x00000000080014d0       0x24 HAL/HRPLIDAR/RPLIDAR_program.o
                0x00000000080014d0                RPLIDAR_GetDistanceValue
 .text.HULTRASONIC_enGetRead
                0x00000000080014f4       0xf0 HAL/HULTRASONIC/HULTRASONIC_prog.o
                0x00000000080014f4                HULTRASONIC_enGetRead
 .text.TIM2_IRQHandler
                0x00000000080015e4       0xbc MCAL/GPTIM/TIMERx_program.o
                0x00000000080015e4                TIM2_IRQHandler
 .text.TIM3_PWM_CH1_Generate
                0x00000000080016a0       0xb4 MCAL/GPTIM/TIMERx_program.o
                0x00000000080016a0                TIM3_PWM_CH1_Generate
 .text.ADC1_2_IRQHandler
                0x0000000008001754       0x2c MCAL/MADC/MADC_prog.o
                0x0000000008001754                ADC1_2_IRQHandler
 .text.EXTI0_IRQHandler
                0x0000000008001780       0x1c MCAL/MEXTI/MEXTI_prog.o
                0x0000000008001780                EXTI0_IRQHandler
 .text.EXTI1_IRQHandler
                0x000000000800179c       0x1c MCAL/MEXTI/MEXTI_prog.o
                0x000000000800179c                EXTI1_IRQHandler
 .text.EXTI2_IRQHandler
                0x00000000080017b8       0x1c MCAL/MEXTI/MEXTI_prog.o
                0x00000000080017b8                EXTI2_IRQHandler
 .text.EXTI3_IRQHandler
                0x00000000080017d4       0x1c MCAL/MEXTI/MEXTI_prog.o
                0x00000000080017d4                EXTI3_IRQHandler
 .text.EXTI4_IRQHandler
                0x00000000080017f0       0x1c MCAL/MEXTI/MEXTI_prog.o
                0x00000000080017f0                EXTI4_IRQHandler
 .text.EXTI9_5_IRQHandler
                0x000000000800180c       0x5c MCAL/MEXTI/MEXTI_prog.o
                0x000000000800180c                EXTI9_5_IRQHandler
 .text.EXTI15_10_IRQHandler
                0x0000000008001868       0x6c MCAL/MEXTI/MEXTI_prog.o
                0x0000000008001868                EXTI15_10_IRQHandler
 .text.MGPIO_enSetPinValue
                0x00000000080018d4      0x108 MCAL/MGPIO/MGPIO_prog.o
                0x00000000080018d4                MGPIO_enSetPinValue
 .text.MGPIO_enGetPinValue
                0x00000000080019dc       0x90 MCAL/MGPIO/MGPIO_prog.o
                0x00000000080019dc                MGPIO_enGetPinValue
 .text.MSYSTICK_enSetBusyWait
                0x0000000008001a6c       0x4c MCAL/MSYSTICK/MSYSTICK_prog.o
                0x0000000008001a6c                MSYSTICK_enSetBusyWait
 .text.SysTick_Handler
                0x0000000008001ab8       0x64 MCAL/MSYSTICK/MSYSTICK_prog.o
                0x0000000008001ab8                SysTick_Handler
 .text.MTIMER1_enReset
                0x0000000008001b1c       0x18 MCAL/MTIM1/MTIM1_prog.o
                0x0000000008001b1c                MTIMER1_enReset
 .text.MTIMER1_enStart
                0x0000000008001b34       0x20 MCAL/MTIM1/MTIM1_prog.o
                0x0000000008001b34                MTIMER1_enStart
 .text.MTIMER1_enStop
                0x0000000008001b54       0x20 MCAL/MTIM1/MTIM1_prog.o
                0x0000000008001b54                MTIMER1_enStop
 .text.MTIMER1_ICU_enRead
                0x0000000008001b74       0x24 MCAL/MTIM1/MTIM1_prog.o
                0x0000000008001b74                MTIMER1_ICU_enRead
 .text.MTIMER1_ICU_enSetTrigger
                0x0000000008001b98       0x40 MCAL/MTIM1/MTIM1_prog.o
                0x0000000008001b98                MTIMER1_ICU_enSetTrigger
 .text.TIM1_CC_IRQHandler
                0x0000000008001bd8       0x1c MCAL/MTIM1/MTIM1_prog.o
                0x0000000008001bd8                TIM1_CC_IRQHandler
 .text.MUSART_enBusyReceiveByte
                0x0000000008001bf4       0x44 MCAL/MUSART/MUSART_prog.o
                0x0000000008001bf4                MUSART_enBusyReceiveByte
 .text.USART1_IRQHandler
                0x0000000008001c38       0xb0 MCAL/MUSART/MUSART_prog.o
                0x0000000008001c38                USART1_IRQHandler
 .text.USART2_IRQHandler
                0x0000000008001ce8       0xb0 MCAL/MUSART/MUSART_prog.o
                0x0000000008001ce8                USART2_IRQHandler
 .text.USART3_IRQHandler
                0x0000000008001d98       0xb0 MCAL/MUSART/MUSART_prog.o
                0x0000000008001d98                USART3_IRQHandler
 .text.main     0x0000000008001e48       0x16 Src/main.o
                0x0000000008001e48                main
 *fill*         0x0000000008001e5e        0x2 
 .text.Reset_Handler
                0x0000000008001e60       0x50 Startup/startup_stm32f103c8tx.o
                0x0000000008001e60                Reset_Handler
 .text.Default_Handler
                0x0000000008001eb0        0x2 Startup/startup_stm32f103c8tx.o
                0x0000000008001eb0                TIM8_TRG_COM_IRQHandler
                0x0000000008001eb0                TIM8_CC_IRQHandler
                0x0000000008001eb0                DebugMon_Handler
                0x0000000008001eb0                HardFault_Handler
                0x0000000008001eb0                TIM6_IRQHandler
                0x0000000008001eb0                PVD_IRQHandler
                0x0000000008001eb0                SDIO_IRQHandler
                0x0000000008001eb0                PendSV_Handler
                0x0000000008001eb0                NMI_Handler
                0x0000000008001eb0                USB_HP_CAN_TX_IRQHandler
                0x0000000008001eb0                I2C2_EV_IRQHandler
                0x0000000008001eb0                UsageFault_Handler
                0x0000000008001eb0                SPI1_IRQHandler
                0x0000000008001eb0                CAN_SCE_IRQHandler
                0x0000000008001eb0                TAMPER_IRQHandler
                0x0000000008001eb0                TIM8_UP_IRQHandler
                0x0000000008001eb0                DMA2_Channel2_IRQHandler
                0x0000000008001eb0                DMA1_Channel4_IRQHandler
                0x0000000008001eb0                RTC_IRQHandler
                0x0000000008001eb0                DMA1_Channel7_IRQHandler
                0x0000000008001eb0                UART5_IRQHandler
                0x0000000008001eb0                ADC3_IRQHandler
                0x0000000008001eb0                TIM4_IRQHandler
                0x0000000008001eb0                CAN_RX1_IRQHandler
                0x0000000008001eb0                DMA2_Channel1_IRQHandler
                0x0000000008001eb0                I2C1_EV_IRQHandler
                0x0000000008001eb0                DMA1_Channel6_IRQHandler
                0x0000000008001eb0                UART4_IRQHandler
                0x0000000008001eb0                TIM3_IRQHandler
                0x0000000008001eb0                RCC_IRQHandler
                0x0000000008001eb0                TIM1_TRG_COM_IRQHandler
                0x0000000008001eb0                DMA1_Channel1_IRQHandler
                0x0000000008001eb0                Default_Handler
                0x0000000008001eb0                TIM7_IRQHandler
                0x0000000008001eb0                TIM5_IRQHandler
                0x0000000008001eb0                SPI2_IRQHandler
                0x0000000008001eb0                USB_LP_CAN_RX0_IRQHandler
                0x0000000008001eb0                MemManage_Handler
                0x0000000008001eb0                SVC_Handler
                0x0000000008001eb0                DMA1_Channel5_IRQHandler
                0x0000000008001eb0                DMA1_Channel3_IRQHandler
                0x0000000008001eb0                FSMC_IRQHandler
                0x0000000008001eb0                TIM1_UP_IRQHandler
                0x0000000008001eb0                WWDG_IRQHandler
                0x0000000008001eb0                TIM1_BRK_IRQHandler
                0x0000000008001eb0                RTCAlarm_IRQHandler
                0x0000000008001eb0                DMA2_Channel4_5_IRQHandler
                0x0000000008001eb0                I2C2_ER_IRQHandler
                0x0000000008001eb0                DMA1_Channel2_IRQHandler
                0x0000000008001eb0                TIM8_BRK_IRQHandler
                0x0000000008001eb0                FLASH_IRQHandler
                0x0000000008001eb0                BusFault_Handler
                0x0000000008001eb0                SPI3_IRQHandler
                0x0000000008001eb0                I2C1_ER_IRQHandler
                0x0000000008001eb0                DMA2_Channel3_IRQHandler
 *fill*         0x0000000008001eb2        0x2 
 .text.__libc_init_array
                0x0000000008001eb4       0x48 c:/st/stm32cubeide_1.6.1/stm32cubeide/plugins/com.st.stm32cube.ide.mcu.externaltools.gnu-tools-for-stm32.9-2020-q2-update.win32_1.5.0.202011040924/tools/bin/../lib/gcc/arm-none-eabi/9.3.1/../../../../arm-none-eabi/lib/thumb/v7-m/nofp\libc_nano.a(lib_a-init.o)
                0x0000000008001eb4                __libc_init_array
 *(.glue_7)
 .glue_7        0x0000000008001efc        0x0 linker stubs
 *(.glue_7t)
 .glue_7t       0x0000000008001efc        0x0 linker stubs
 *(.eh_frame)
 .eh_frame      0x0000000008001efc        0x0 c:/st/stm32cubeide_1.6.1/stm32cubeide/plugins/com.st.stm32cube.ide.mcu.externaltools.gnu-tools-for-stm32.9-2020-q2-update.win32_1.5.0.202011040924/tools/bin/../lib/gcc/arm-none-eabi/9.3.1/thumb/v7-m/nofp/crtbegin.o
 *(.init)
 .init          0x0000000008001efc        0x4 c:/st/stm32cubeide_1.6.1/stm32cubeide/plugins/com.st.stm32cube.ide.mcu.externaltools.gnu-tools-for-stm32.9-2020-q2-update.win32_1.5.0.202011040924/tools/bin/../lib/gcc/arm-none-eabi/9.3.1/thumb/v7-m/nofp/crti.o
                0x0000000008001efc                _init
 .init          0x0000000008001f00        0x8 c:/st/stm32cubeide_1.6.1/stm32cubeide/plugins/com.st.stm32cube.ide.mcu.externaltools.gnu-tools-for-stm32.9-2020-q2-update.win32_1.5.0.202011040924/tools/bin/../lib/gcc/arm-none-eabi/9.3.1/thumb/v7-m/nofp/crtn.o
 *(.fini)
 .fini          0x0000000008001f08        0x4 c:/st/stm32cubeide_1.6.1/stm32cubeide/plugins/com.st.stm32cube.ide.mcu.externaltools.gnu-tools-for-stm32.9-2020-q2-update.win32_1.5.0.202011040924/tools/bin/../lib/gcc/arm-none-eabi/9.3.1/thumb/v7-m/nofp/crti.o
                0x0000000008001f08                _fini
 .fini          0x0000000008001f0c        0x8 c:/st/stm32cubeide_1.6.1/stm32cubeide/plugins/com.st.stm32cube.ide.mcu.externaltools.gnu-tools-for-stm32.9-2020-q2-update.win32_1.5.0.202011040924/tools/bin/../lib/gcc/arm-none-eabi/9.3.1/thumb/v7-m/nofp/crtn.o
                0x0000000008001f14                . = ALIGN (0x4)
                0x0000000008001f14                _etext = .

.vfp11_veneer   0x0000000008001f14        0x0
 .vfp11_veneer  0x0000000008001f14        0x0 linker stubs

.v4_bx          0x0000000008001f14        0x0
 .v4_bx         0x0000000008001f14        0x0 linker stubs

.iplt           0x0000000008001f14        0x0
 .iplt          0x0000000008001f14        0x0 c:/st/stm32cubeide_1.6.1/stm32cubeide/plugins/com.st.stm32cube.ide.mcu.externaltools.gnu-tools-for-stm32.9-2020-q2-update.win32_1.5.0.202011040924/tools/bin/../lib/gcc/arm-none-eabi/9.3.1/thumb/v7-m/nofp/crtbegin.o

.rel.dyn        0x0000000008001f14        0x0
 .rel.iplt      0x0000000008001f14        0x0 c:/st/stm32cubeide_1.6.1/stm32cubeide/plugins/com.st.stm32cube.ide.mcu.externaltools.gnu-tools-for-stm32.9-2020-q2-update.win32_1.5.0.202011040924/tools/bin/../lib/gcc/arm-none-eabi/9.3.1/thumb/v7-m/nofp/crtbegin.o

.rodata         0x0000000008001f14        0x0
                0x0000000008001f14                . = ALIGN (0x4)
 *(.rodata)
 *(.rodata*)
                0x0000000008001f14                . = ALIGN (0x4)

.ARM.extab      0x0000000008001f14        0x0
                0x0000000008001f14                . = ALIGN (0x4)
 *(.ARM.extab* .gnu.linkonce.armextab.*)
                0x0000000008001f14                . = ALIGN (0x4)

.ARM            0x0000000008001f14        0x0
                0x0000000008001f14                . = ALIGN (0x4)
                0x0000000008001f14                __exidx_start = .
 *(.ARM.exidx*)
                0x0000000008001f14                __exidx_end = .
                0x0000000008001f14                . = ALIGN (0x4)

.preinit_array  0x0000000008001f14        0x0
                0x0000000008001f14                . = ALIGN (0x4)
                0x0000000008001f14                PROVIDE (__preinit_array_start = .)
 *(.preinit_array*)
                0x0000000008001f14                PROVIDE (__preinit_array_end = .)
                0x0000000008001f14                . = ALIGN (0x4)

.init_array     0x0000000008001f14        0x4
                0x0000000008001f14                . = ALIGN (0x4)
                0x0000000008001f14                PROVIDE (__init_array_start = .)
 *(SORT_BY_NAME(.init_array.*))
 *(.init_array*)
 .init_array    0x0000000008001f14        0x4 c:/st/stm32cubeide_1.6.1/stm32cubeide/plugins/com.st.stm32cube.ide.mcu.externaltools.gnu-tools-for-stm32.9-2020-q2-update.win32_1.5.0.202011040924/tools/bin/../lib/gcc/arm-none-eabi/9.3.1/thumb/v7-m/nofp/crtbegin.o
                0x0000000008001f18                PROVIDE (__init_array_end = .)
                0x0000000008001f18                . = ALIGN (0x4)

.fini_array     0x0000000008001f18        0x4
                0x0000000008001f18                . = ALIGN (0x4)
                [!provide]                        PROVIDE (__fini_array_start = .)
 *(SORT_BY_NAME(.fini_array.*))
 *(.fini_array*)
 .fini_array    0x0000000008001f18        0x4 c:/st/stm32cubeide_1.6.1/stm32cubeide/plugins/com.st.stm32cube.ide.mcu.externaltools.gnu-tools-for-stm32.9-2020-q2-update.win32_1.5.0.202011040924/tools/bin/../lib/gcc/arm-none-eabi/9.3.1/thumb/v7-m/nofp/crtbegin.o
                [!provide]                        PROVIDE (__fini_array_end = .)
                0x0000000008001f1c                . = ALIGN (0x4)
                0x0000000008001f1c                _sidata = LOADADDR (.data)

.data           0x0000000020000000        0xc load address 0x0000000008001f1c
                0x0000000020000000                . = ALIGN (0x4)
                0x0000000020000000                _sdata = .
 *(.data)
 *(.data*)
 .data.USART_CH
                0x0000000020000000        0xc MCAL/MUSART/MUSART_prog.o
 *(.RamFunc)
 *(.RamFunc*)
                0x000000002000000c                . = ALIGN (0x4)
                0x000000002000000c                _edata = .

.igot.plt       0x000000002000000c        0x0 load address 0x0000000008001f28
 .igot.plt      0x000000002000000c        0x0 c:/st/stm32cubeide_1.6.1/stm32cubeide/plugins/com.st.stm32cube.ide.mcu.externaltools.gnu-tools-for-stm32.9-2020-q2-update.win32_1.5.0.202011040924/tools/bin/../lib/gcc/arm-none-eabi/9.3.1/thumb/v7-m/nofp/crtbegin.o
                0x000000002000000c                . = ALIGN (0x4)

.bss            0x000000002000000c      0x108 load address 0x0000000008001f28
                0x000000002000000c                _sbss = .
                0x000000002000000c                __bss_start__ = _sbss
 *(.bss)
 .bss           0x000000002000000c       0x1c c:/st/stm32cubeide_1.6.1/stm32cubeide/plugins/com.st.stm32cube.ide.mcu.externaltools.gnu-tools-for-stm32.9-2020-q2-update.win32_1.5.0.202011040924/tools/bin/../lib/gcc/arm-none-eabi/9.3.1/thumb/v7-m/nofp/crtbegin.o
 *(.bss*)
 .bss.Indication
                0x0000000020000028        0x7 APP/Blindspot/Blindspot_prog.o
                0x0000000020000028                Indication
 *fill*         0x000000002000002f        0x1 
 .bss.Dist_MG   0x0000000020000030        0xa APP/Blindspot/Blindspot_prog.o
                0x0000000020000030                Dist_MG
 .bss.LaneState
                0x000000002000003a        0x1 APP/LaneKeepAssist/Lanekeeping_prog.o
                0x000000002000003a                LaneState
 *fill*         0x000000002000003b        0x1 
 .bss.Copy_floatAngle
                0x000000002000003c        0x4 HAL/HRPLIDAR/RPLIDAR_program.o
                0x000000002000003c                Copy_floatAngle
 .bss.Copy_floatDistance
                0x0000000020000040        0x4 HAL/HRPLIDAR/RPLIDAR_program.o
                0x0000000020000040                Copy_floatDistance
 .bss.flag_s    0x0000000020000044        0x1 HAL/HRPLIDAR/RPLIDAR_program.o
                0x0000000020000044                flag_s
 *fill*         0x0000000020000045        0x3 
 .bss.input_capture_callback
                0x0000000020000048       0x40 MCAL/GPTIM/TIMERx_program.o
 .bss.ADC_CallBack
                0x0000000020000088        0x4 MCAL/MADC/MADC_prog.o
 .bss.MEXTI_CALLBACK
                0x000000002000008c       0x40 MCAL/MEXTI/MEXTI_prog.o
 .bss.MSYSTICK_Callback
                0x00000000200000cc        0x4 MCAL/MSYSTICK/MSYSTICK_prog.o
 .bss.global_u8flag
                0x00000000200000d0        0x1 MCAL/MSYSTICK/MSYSTICK_prog.o
 *fill*         0x00000000200000d1        0x3 
 .bss.ICU_callback
                0x00000000200000d4        0x4 MCAL/MTIM1/MTIM1_prog.o
 .bss.Receive_Flag
                0x00000000200000d8        0x1 MCAL/MUSART/MUSART_prog.o
                0x00000000200000d8                Receive_Flag
 .bss.uart_TxBufferIndex
                0x00000000200000d9        0x1 MCAL/MUSART/MUSART_prog.o
                0x00000000200000d9                uart_TxBufferIndex
 .bss.uart_RxBufferIndex
                0x00000000200000da        0x1 MCAL/MUSART/MUSART_prog.o
                0x00000000200000da                uart_RxBufferIndex
 *(COMMON)
 COMMON         0x00000000200000db        0x1 MCAL/MSYSTICK/MSYSTICK_prog.o
                0x00000000200000db                local_u8temp
 COMMON         0x00000000200000dc       0x35 MCAL/MUSART/MUSART_prog.o
                0x00000000200000dc                uart_RxBUFFER
                0x00000000200000f8                uart_TxBUFFER
                0x0000000020000114                . = ALIGN (0x4)
 *fill*         0x0000000020000111        0x3 
                0x0000000020000114                _ebss = .
                0x0000000020000114                __bss_end__ = _ebss

._user_heap_stack
                0x0000000020000114      0x604 load address 0x0000000008001f28
                0x0000000020000118                . = ALIGN (0x8)
 *fill*         0x0000000020000114        0x4 
                [!provide]                        PROVIDE (end = .)
                [!provide]                        PROVIDE (_end = .)
                0x0000000020000318                . = (. + _Min_Heap_Size)
 *fill*         0x0000000020000118      0x200 
                0x0000000020000718                . = (. + _Min_Stack_Size)
 *fill*         0x0000000020000318      0x400 
                0x0000000020000718                . = ALIGN (0x8)

/DISCARD/
 libc.a(*)
 libm.a(*)
 libgcc.a(*)

.ARM.attributes
                0x0000000000000000       0x29
 *(.ARM.attributes)
 .ARM.attributes
                0x0000000000000000       0x1d c:/st/stm32cubeide_1.6.1/stm32cubeide/plugins/com.st.stm32cube.ide.mcu.externaltools.gnu-tools-for-stm32.9-2020-q2-update.win32_1.5.0.202011040924/tools/bin/../lib/gcc/arm-none-eabi/9.3.1/thumb/v7-m/nofp/crti.o
 .ARM.attributes
                0x000000000000001d       0x2d c:/st/stm32cubeide_1.6.1/stm32cubeide/plugins/com.st.stm32cube.ide.mcu.externaltools.gnu-tools-for-stm32.9-2020-q2-update.win32_1.5.0.202011040924/tools/bin/../lib/gcc/arm-none-eabi/9.3.1/thumb/v7-m/nofp/crtbegin.o
 .ARM.attributes
                0x000000000000004a       0x2d APP/Blindspot/Blindspot_prog.o
 .ARM.attributes
                0x0000000000000077       0x2d APP/LaneKeepAssist/Lanekeeping_prog.o
 .ARM.attributes
                0x00000000000000a4       0x2d HAL/DC MOTOR/HDCMOTOR_prog.o
 .ARM.attributes
                0x00000000000000d1       0x2d HAL/HIR/IR_program.o
 .ARM.attributes
                0x00000000000000fe       0x2d HAL/HRPLIDAR/RPLIDAR_program.o
 .ARM.attributes
                0x000000000000012b       0x2d HAL/HULTRASONIC/HULTRASONIC_prog.o
 .ARM.attributes
                0x0000000000000158       0x2d MCAL/GPTIM/TIMERx_program.o
 .ARM.attributes
                0x0000000000000185       0x2d MCAL/MADC/MADC_prog.o
 .ARM.attributes
                0x00000000000001b2       0x2d MCAL/MEXTI/MEXTI_prog.o
 .ARM.attributes
                0x00000000000001df       0x2d MCAL/MGPIO/MGPIO_prog.o
 .ARM.attributes
                0x000000000000020c       0x2d MCAL/MSYSTICK/MSYSTICK_prog.o
 .ARM.attributes
                0x0000000000000239       0x2d MCAL/MTIM1/MTIM1_prog.o
 .ARM.attributes
                0x0000000000000266       0x2d MCAL/MUSART/MUSART_prog.o
 .ARM.attributes
                0x0000000000000293       0x2d Src/main.o
 .ARM.attributes
                0x00000000000002c0       0x21 Startup/startup_stm32f103c8tx.o
 .ARM.attributes
                0x00000000000002e1       0x2d c:/st/stm32cubeide_1.6.1/stm32cubeide/plugins/com.st.stm32cube.ide.mcu.externaltools.gnu-tools-for-stm32.9-2020-q2-update.win32_1.5.0.202011040924/tools/bin/../lib/gcc/arm-none-eabi/9.3.1/../../../../arm-none-eabi/lib/thumb/v7-m/nofp\libc_nano.a(lib_a-init.o)
 .ARM.attributes
                0x000000000000030e       0x1d c:/st/stm32cubeide_1.6.1/stm32cubeide/plugins/com.st.stm32cube.ide.mcu.externaltools.gnu-tools-for-stm32.9-2020-q2-update.win32_1.5.0.202011040924/tools/bin/../lib/gcc/arm-none-eabi/9.3.1/thumb/v7-m/nofp\libgcc.a(_arm_addsubdf3.o)
 .ARM.attributes
                0x000000000000032b       0x1d c:/st/stm32cubeide_1.6.1/stm32cubeide/plugins/com.st.stm32cube.ide.mcu.externaltools.gnu-tools-for-stm32.9-2020-q2-update.win32_1.5.0.202011040924/tools/bin/../lib/gcc/arm-none-eabi/9.3.1/thumb/v7-m/nofp\libgcc.a(_arm_muldivdf3.o)
 .ARM.attributes
                0x0000000000000348       0x1d c:/st/stm32cubeide_1.6.1/stm32cubeide/plugins/com.st.stm32cube.ide.mcu.externaltools.gnu-tools-for-stm32.9-2020-q2-update.win32_1.5.0.202011040924/tools/bin/../lib/gcc/arm-none-eabi/9.3.1/thumb/v7-m/nofp\libgcc.a(_arm_fixunsdfsi.o)
 .ARM.attributes
                0x0000000000000365       0x1d c:/st/stm32cubeide_1.6.1/stm32cubeide/plugins/com.st.stm32cube.ide.mcu.externaltools.gnu-tools-for-stm32.9-2020-q2-update.win32_1.5.0.202011040924/tools/bin/../lib/gcc/arm-none-eabi/9.3.1/thumb/v7-m/nofp\libgcc.a(_arm_truncdfsf2.o)
 .ARM.attributes
                0x0000000000000382       0x1d c:/st/stm32cubeide_1.6.1/stm32cubeide/plugins/com.st.stm32cube.ide.mcu.externaltools.gnu-tools-for-stm32.9-2020-q2-update.win32_1.5.0.202011040924/tools/bin/../lib/gcc/arm-none-eabi/9.3.1/thumb/v7-m/nofp\libgcc.a(_arm_addsubsf3.o)
 .ARM.attributes
                0x000000000000039f       0x1d c:/st/stm32cubeide_1.6.1/stm32cubeide/plugins/com.st.stm32cube.ide.mcu.externaltools.gnu-tools-for-stm32.9-2020-q2-update.win32_1.5.0.202011040924/tools/bin/../lib/gcc/arm-none-eabi/9.3.1/thumb/v7-m/nofp\libgcc.a(_arm_muldivsf3.o)
 .ARM.attributes
                0x00000000000003bc       0x1d c:/st/stm32cubeide_1.6.1/stm32cubeide/plugins/com.st.stm32cube.ide.mcu.externaltools.gnu-tools-for-stm32.9-2020-q2-update.win32_1.5.0.202011040924/tools/bin/../lib/gcc/arm-none-eabi/9.3.1/thumb/v7-m/nofp\libgcc.a(_arm_cmpsf2.o)
 .ARM.attributes
                0x00000000000003d9       0x1d c:/st/stm32cubeide_1.6.1/stm32cubeide/plugins/com.st.stm32cube.ide.mcu.externaltools.gnu-tools-for-stm32.9-2020-q2-update.win32_1.5.0.202011040924/tools/bin/../lib/gcc/arm-none-eabi/9.3.1/thumb/v7-m/nofp\libgcc.a(_arm_fixunssfsi.o)
 .ARM.attributes
                0x00000000000003f6       0x1d c:/st/stm32cubeide_1.6.1/stm32cubeide/plugins/com.st.stm32cube.ide.mcu.externaltools.gnu-tools-for-stm32.9-2020-q2-update.win32_1.5.0.202011040924/tools/bin/../lib/gcc/arm-none-eabi/9.3.1/thumb/v7-m/nofp/crtn.o
OUTPUT(NTI-ADAS.elf elf32-littlearm)
LOAD linker stubs
LOAD c:/st/stm32cubeide_1.6.1/stm32cubeide/plugins/com.st.stm32cube.ide.mcu.externaltools.gnu-tools-for-stm32.9-2020-q2-update.win32_1.5.0.202011040924/tools/bin/../lib/gcc/arm-none-eabi/9.3.1/../../../../arm-none-eabi/lib/thumb/v7-m/nofp\libc.a
LOAD c:/st/stm32cubeide_1.6.1/stm32cubeide/plugins/com.st.stm32cube.ide.mcu.externaltools.gnu-tools-for-stm32.9-2020-q2-update.win32_1.5.0.202011040924/tools/bin/../lib/gcc/arm-none-eabi/9.3.1/../../../../arm-none-eabi/lib/thumb/v7-m/nofp\libm.a
LOAD c:/st/stm32cubeide_1.6.1/stm32cubeide/plugins/com.st.stm32cube.ide.mcu.externaltools.gnu-tools-for-stm32.9-2020-q2-update.win32_1.5.0.202011040924/tools/bin/../lib/gcc/arm-none-eabi/9.3.1/thumb/v7-m/nofp\libgcc.a

.debug_info     0x0000000000000000     0x31b8
 .debug_info    0x0000000000000000      0x1ba APP/Blindspot/Blindspot_prog.o
 .debug_info    0x00000000000001ba      0x1ae APP/LaneKeepAssist/Lanekeeping_prog.o
 .debug_info    0x0000000000000368      0x1a0 HAL/DC MOTOR/HDCMOTOR_prog.o
 .debug_info    0x0000000000000508      0x205 HAL/HIR/IR_program.o
 .debug_info    0x000000000000070d      0x455 HAL/HRPLIDAR/RPLIDAR_program.o
 .debug_info    0x0000000000000b62      0x3b8 HAL/HULTRASONIC/HULTRASONIC_prog.o
 .debug_info    0x0000000000000f1a      0x5e2 MCAL/GPTIM/TIMERx_program.o
 .debug_info    0x00000000000014fc      0x6c3 MCAL/MADC/MADC_prog.o
 .debug_info    0x0000000000001bbf      0x32f MCAL/MEXTI/MEXTI_prog.o
 .debug_info    0x0000000000001eee      0x51a MCAL/MGPIO/MGPIO_prog.o
 .debug_info    0x0000000000002408      0x301 MCAL/MSYSTICK/MSYSTICK_prog.o
 .debug_info    0x0000000000002709      0x355 MCAL/MTIM1/MTIM1_prog.o
 .debug_info    0x0000000000002a5e      0x692 MCAL/MUSART/MUSART_prog.o
 .debug_info    0x00000000000030f0       0xa6 Src/main.o
 .debug_info    0x0000000000003196       0x22 Startup/startup_stm32f103c8tx.o

.debug_abbrev   0x0000000000000000      0xe96
 .debug_abbrev  0x0000000000000000       0x95 APP/Blindspot/Blindspot_prog.o
 .debug_abbrev  0x0000000000000095       0xdb APP/LaneKeepAssist/Lanekeeping_prog.o
 .debug_abbrev  0x0000000000000170       0x61 HAL/DC MOTOR/HDCMOTOR_prog.o
 .debug_abbrev  0x00000000000001d1       0xae HAL/HIR/IR_program.o
 .debug_abbrev  0x000000000000027f      0x14d HAL/HRPLIDAR/RPLIDAR_program.o
 .debug_abbrev  0x00000000000003cc      0x10c HAL/HULTRASONIC/HULTRASONIC_prog.o
 .debug_abbrev  0x00000000000004d8      0x1a0 MCAL/GPTIM/TIMERx_program.o
 .debug_abbrev  0x0000000000000678      0x138 MCAL/MADC/MADC_prog.o
 .debug_abbrev  0x00000000000007b0      0x146 MCAL/MEXTI/MEXTI_prog.o
 .debug_abbrev  0x00000000000008f6      0x131 MCAL/MGPIO/MGPIO_prog.o
 .debug_abbrev  0x0000000000000a27      0x138 MCAL/MSYSTICK/MSYSTICK_prog.o
 .debug_abbrev  0x0000000000000b5f      0x109 MCAL/MTIM1/MTIM1_prog.o
 .debug_abbrev  0x0000000000000c68      0x1b9 MCAL/MUSART/MUSART_prog.o
 .debug_abbrev  0x0000000000000e21       0x63 Src/main.o
 .debug_abbrev  0x0000000000000e84       0x12 Startup/startup_stm32f103c8tx.o

.debug_aranges  0x0000000000000000      0x4b0
 .debug_aranges
                0x0000000000000000       0x30 APP/Blindspot/Blindspot_prog.o
 .debug_aranges
                0x0000000000000030       0x28 APP/LaneKeepAssist/Lanekeeping_prog.o
 .debug_aranges
                0x0000000000000058       0x50 HAL/DC MOTOR/HDCMOTOR_prog.o
 .debug_aranges
                0x00000000000000a8       0x30 HAL/HIR/IR_program.o
 .debug_aranges
                0x00000000000000d8       0x48 HAL/HRPLIDAR/RPLIDAR_program.o
 .debug_aranges
                0x0000000000000120       0x28 HAL/HULTRASONIC/HULTRASONIC_prog.o
 .debug_aranges
                0x0000000000000148       0x90 MCAL/GPTIM/TIMERx_program.o
 .debug_aranges
                0x00000000000001d8       0x60 MCAL/MADC/MADC_prog.o
 .debug_aranges
                0x0000000000000238       0x80 MCAL/MEXTI/MEXTI_prog.o
 .debug_aranges
                0x00000000000002b8       0x58 MCAL/MGPIO/MGPIO_prog.o
 .debug_aranges
                0x0000000000000310       0x60 MCAL/MSYSTICK/MSYSTICK_prog.o
 .debug_aranges
                0x0000000000000370       0x70 MCAL/MTIM1/MTIM1_prog.o
 .debug_aranges
                0x00000000000003e0       0x80 MCAL/MUSART/MUSART_prog.o
 .debug_aranges
                0x0000000000000460       0x28 Src/main.o
 .debug_aranges
                0x0000000000000488       0x28 Startup/startup_stm32f103c8tx.o

.debug_ranges   0x0000000000000000      0x3c8
 .debug_ranges  0x0000000000000000       0x20 APP/Blindspot/Blindspot_prog.o
 .debug_ranges  0x0000000000000020       0x18 APP/LaneKeepAssist/Lanekeeping_prog.o
 .debug_ranges  0x0000000000000038       0x40 HAL/DC MOTOR/HDCMOTOR_prog.o
 .debug_ranges  0x0000000000000078       0x20 HAL/HIR/IR_program.o
 .debug_ranges  0x0000000000000098       0x38 HAL/HRPLIDAR/RPLIDAR_program.o
 .debug_ranges  0x00000000000000d0       0x18 HAL/HULTRASONIC/HULTRASONIC_prog.o
 .debug_ranges  0x00000000000000e8       0x80 MCAL/GPTIM/TIMERx_program.o
 .debug_ranges  0x0000000000000168       0x50 MCAL/MADC/MADC_prog.o
 .debug_ranges  0x00000000000001b8       0x70 MCAL/MEXTI/MEXTI_prog.o
 .debug_ranges  0x0000000000000228       0x48 MCAL/MGPIO/MGPIO_prog.o
 .debug_ranges  0x0000000000000270       0x50 MCAL/MSYSTICK/MSYSTICK_prog.o
 .debug_ranges  0x00000000000002c0       0x60 MCAL/MTIM1/MTIM1_prog.o
 .debug_ranges  0x0000000000000320       0x70 MCAL/MUSART/MUSART_prog.o
 .debug_ranges  0x0000000000000390       0x18 Src/main.o
 .debug_ranges  0x00000000000003a8       0x20 Startup/startup_stm32f103c8tx.o

.debug_macro    0x0000000000000000     0x18d5
 .debug_macro   0x0000000000000000       0x50 APP/Blindspot/Blindspot_prog.o
 .debug_macro   0x0000000000000050       0x5e APP/Blindspot/Blindspot_prog.o
 .debug_macro   0x00000000000000ae       0x76 APP/Blindspot/Blindspot_prog.o
 .debug_macro   0x0000000000000124       0x84 APP/LaneKeepAssist/Lanekeeping_prog.o
 .debug_macro   0x00000000000001a8       0x3a APP/LaneKeepAssist/Lanekeeping_prog.o
 .debug_macro   0x00000000000001e2       0x2e APP/LaneKeepAssist/Lanekeeping_prog.o
 .debug_macro   0x0000000000000210       0x36 HAL/DC MOTOR/HDCMOTOR_prog.o
 .debug_macro   0x0000000000000246       0x46 HAL/HIR/IR_program.o
 .debug_macro   0x000000000000028c       0x2e HAL/HIR/IR_program.o
 .debug_macro   0x00000000000002ba       0x6c HAL/HRPLIDAR/RPLIDAR_program.o
 .debug_macro   0x0000000000000326       0xb8 HAL/HRPLIDAR/RPLIDAR_program.o
 .debug_macro   0x00000000000003de       0x4c HAL/HRPLIDAR/RPLIDAR_program.o
 .debug_macro   0x000000000000042a       0x6e HAL/HULTRASONIC/HULTRASONIC_prog.o
 .debug_macro   0x0000000000000498       0xe3 HAL/HULTRASONIC/HULTRASONIC_prog.o
 .debug_macro   0x000000000000057b       0x2e HAL/HULTRASONIC/HULTRASONIC_prog.o
 .debug_macro   0x00000000000005a9       0x22 HAL/HULTRASONIC/HULTRASONIC_prog.o
 .debug_macro   0x00000000000005cb       0x10 HAL/HULTRASONIC/HULTRASONIC_prog.o
 .debug_macro   0x00000000000005db       0x57 MCAL/GPTIM/TIMERx_program.o
 .debug_macro   0x0000000000000632       0x82 MCAL/GPTIM/TIMERx_program.o
 .debug_macro   0x00000000000006b4      0xd0e MCAL/GPTIM/TIMERx_program.o
 .debug_macro   0x00000000000013c2       0x5d MCAL/MADC/MADC_prog.o
 .debug_macro   0x000000000000141f       0x8e MCAL/MADC/MADC_prog.o
 .debug_macro   0x00000000000014ad       0x63 MCAL/MEXTI/MEXTI_prog.o
 .debug_macro   0x0000000000001510       0x16 MCAL/MEXTI/MEXTI_prog.o
 .debug_macro   0x0000000000001526       0x10 MCAL/MEXTI/MEXTI_prog.o
 .debug_macro   0x0000000000001536       0x5b MCAL/MGPIO/MGPIO_prog.o
 .debug_macro   0x0000000000001591       0x40 MCAL/MGPIO/MGPIO_prog.o
 .debug_macro   0x00000000000015d1       0x5b MCAL/MSYSTICK/MSYSTICK_prog.o
 .debug_macro   0x000000000000162c       0x10 MCAL/MSYSTICK/MSYSTICK_prog.o
 .debug_macro   0x000000000000163c       0x34 MCAL/MSYSTICK/MSYSTICK_prog.o
 .debug_macro   0x0000000000001670       0x53 MCAL/MTIM1/MTIM1_prog.o
 .debug_macro   0x00000000000016c3       0x51 MCAL/MUSART/MUSART_prog.o
 .debug_macro   0x0000000000001714       0x1c MCAL/MUSART/MUSART_prog.o
 .debug_macro   0x0000000000001730       0x88 MCAL/MUSART/MUSART_prog.o
 .debug_macro   0x00000000000017b8      0x10d Src/main.o
 .debug_macro   0x00000000000018c5       0x10 Src/main.o

.debug_line     0x0000000000000000     0x3864
 .debug_line    0x0000000000000000      0x2c5 APP/Blindspot/Blindspot_prog.o
 .debug_line    0x00000000000002c5      0x4cc APP/LaneKeepAssist/Lanekeeping_prog.o
 .debug_line    0x0000000000000791      0x1ad HAL/DC MOTOR/HDCMOTOR_prog.o
 .debug_line    0x000000000000093e      0x18b HAL/HIR/IR_program.o
 .debug_line    0x0000000000000ac9      0x45c HAL/HRPLIDAR/RPLIDAR_program.o
 .debug_line    0x0000000000000f25      0x29a HAL/HULTRASONIC/HULTRASONIC_prog.o
 .debug_line    0x00000000000011bf      0x4a9 MCAL/GPTIM/TIMERx_program.o
 .debug_line    0x0000000000001668      0x4d9 MCAL/MADC/MADC_prog.o
 .debug_line    0x0000000000001b41      0x3f9 MCAL/MEXTI/MEXTI_prog.o
 .debug_line    0x0000000000001f3a      0x5e1 MCAL/MGPIO/MGPIO_prog.o
 .debug_line    0x000000000000251b      0x2f5 MCAL/MSYSTICK/MSYSTICK_prog.o
 .debug_line    0x0000000000002810      0x236 MCAL/MTIM1/MTIM1_prog.o
 .debug_line    0x0000000000002a46      0x48f MCAL/MUSART/MUSART_prog.o
 .debug_line    0x0000000000002ed5      0x90b Src/main.o
 .debug_line    0x00000000000037e0       0x84 Startup/startup_stm32f103c8tx.o

.debug_str      0x0000000000000000     0xa804
 .debug_str     0x0000000000000000     0x3159 APP/Blindspot/Blindspot_prog.o
                                       0x3241 (size before relaxing)
 .debug_str     0x0000000000003159      0x24f APP/LaneKeepAssist/Lanekeeping_prog.o
                                       0x33b9 (size before relaxing)
 .debug_str     0x00000000000033a8       0xc7 HAL/DC MOTOR/HDCMOTOR_prog.o
                                       0x3173 (size before relaxing)
 .debug_str     0x000000000000346f      0x13e HAL/HIR/IR_program.o
                                       0x3183 (size before relaxing)
 .debug_str     0x00000000000035ad      0x734 HAL/HRPLIDAR/RPLIDAR_program.o
                                       0x3785 (size before relaxing)
 .debug_str     0x0000000000003ce1      0x8b0 HAL/HULTRASONIC/HULTRASONIC_prog.o
                                       0x392f (size before relaxing)
 .debug_str     0x0000000000004591     0x473d MCAL/GPTIM/TIMERx_program.o
                                       0x7884 (size before relaxing)
 .debug_str     0x0000000000008cce      0x834 MCAL/MADC/MADC_prog.o
                                       0x3c73 (size before relaxing)
 .debug_str     0x0000000000009502      0x6bf MCAL/MEXTI/MEXTI_prog.o
                                       0x3c6e (size before relaxing)
 .debug_str     0x0000000000009bc1      0x2a1 MCAL/MGPIO/MGPIO_prog.o
                                       0x3a3c (size before relaxing)
 .debug_str     0x0000000000009e62      0x290 MCAL/MSYSTICK/MSYSTICK_prog.o
                                       0x3857 (size before relaxing)
 .debug_str     0x000000000000a0f2      0x151 MCAL/MTIM1/MTIM1_prog.o
                                       0x36ce (size before relaxing)
 .debug_str     0x000000000000a243      0x3e2 MCAL/MUSART/MUSART_prog.o
                                       0x3ad7 (size before relaxing)
 .debug_str     0x000000000000a625      0x1ae Src/main.o
                                       0x3c3b (size before relaxing)
 .debug_str     0x000000000000a7d3       0x31 Startup/startup_stm32f103c8tx.o
                                         0x70 (size before relaxing)

.comment        0x0000000000000000       0x53
 .comment       0x0000000000000000       0x53 APP/Blindspot/Blindspot_prog.o
                                         0x54 (size before relaxing)
 .comment       0x0000000000000053       0x54 APP/LaneKeepAssist/Lanekeeping_prog.o
 .comment       0x0000000000000053       0x54 HAL/DC MOTOR/HDCMOTOR_prog.o
 .comment       0x0000000000000053       0x54 HAL/HIR/IR_program.o
 .comment       0x0000000000000053       0x54 HAL/HRPLIDAR/RPLIDAR_program.o
 .comment       0x0000000000000053       0x54 HAL/HULTRASONIC/HULTRASONIC_prog.o
 .comment       0x0000000000000053       0x54 MCAL/GPTIM/TIMERx_program.o
 .comment       0x0000000000000053       0x54 MCAL/MADC/MADC_prog.o
 .comment       0x0000000000000053       0x54 MCAL/MEXTI/MEXTI_prog.o
 .comment       0x0000000000000053       0x54 MCAL/MGPIO/MGPIO_prog.o
 .comment       0x0000000000000053       0x54 MCAL/MSYSTICK/MSYSTICK_prog.o
 .comment       0x0000000000000053       0x54 MCAL/MTIM1/MTIM1_prog.o
 .comment       0x0000000000000053       0x54 MCAL/MUSART/MUSART_prog.o
 .comment       0x0000000000000053       0x54 Src/main.o

.debug_frame    0x0000000000000000     0x11f8
 .debug_frame   0x0000000000000000       0x64 APP/Blindspot/Blindspot_prog.o
 .debug_frame   0x0000000000000064       0x58 APP/LaneKeepAssist/Lanekeeping_prog.o
 .debug_frame   0x00000000000000bc       0xd4 HAL/DC MOTOR/HDCMOTOR_prog.o
 .debug_frame   0x0000000000000190       0x74 HAL/HIR/IR_program.o
 .debug_frame   0x0000000000000204       0xf0 HAL/HRPLIDAR/RPLIDAR_program.o
 .debug_frame   0x00000000000002f4       0x58 HAL/HULTRASONIC/HULTRASONIC_prog.o
 .debug_frame   0x000000000000034c      0x228 MCAL/GPTIM/TIMERx_program.o
 .debug_frame   0x0000000000000574      0x16c MCAL/MADC/MADC_prog.o
 .debug_frame   0x00000000000006e0      0x1bc MCAL/MEXTI/MEXTI_prog.o
 .debug_frame   0x000000000000089c      0x150 MCAL/MGPIO/MGPIO_prog.o
 .debug_frame   0x00000000000009ec      0x15c MCAL/MSYSTICK/MSYSTICK_prog.o
 .debug_frame   0x0000000000000b48      0x18c MCAL/MTIM1/MTIM1_prog.o
 .debug_frame   0x0000000000000cd4      0x1fc MCAL/MUSART/MUSART_prog.o
 .debug_frame   0x0000000000000ed0       0x48 Src/main.o
 .debug_frame   0x0000000000000f18       0x2c c:/st/stm32cubeide_1.6.1/stm32cubeide/plugins/com.st.stm32cube.ide.mcu.externaltools.gnu-tools-for-stm32.9-2020-q2-update.win32_1.5.0.202011040924/tools/bin/../lib/gcc/arm-none-eabi/9.3.1/../../../../arm-none-eabi/lib/thumb/v7-m/nofp\libc_nano.a(lib_a-init.o)
 .debug_frame   0x0000000000000f44       0xac c:/st/stm32cubeide_1.6.1/stm32cubeide/plugins/com.st.stm32cube.ide.mcu.externaltools.gnu-tools-for-stm32.9-2020-q2-update.win32_1.5.0.202011040924/tools/bin/../lib/gcc/arm-none-eabi/9.3.1/thumb/v7-m/nofp\libgcc.a(_arm_addsubdf3.o)
 .debug_frame   0x0000000000000ff0       0x50 c:/st/stm32cubeide_1.6.1/stm32cubeide/plugins/com.st.stm32cube.ide.mcu.externaltools.gnu-tools-for-stm32.9-2020-q2-update.win32_1.5.0.202011040924/tools/bin/../lib/gcc/arm-none-eabi/9.3.1/thumb/v7-m/nofp\libgcc.a(_arm_muldivdf3.o)
 .debug_frame   0x0000000000001040       0x24 c:/st/stm32cubeide_1.6.1/stm32cubeide/plugins/com.st.stm32cube.ide.mcu.externaltools.gnu-tools-for-stm32.9-2020-q2-update.win32_1.5.0.202011040924/tools/bin/../lib/gcc/arm-none-eabi/9.3.1/thumb/v7-m/nofp\libgcc.a(_arm_fixunsdfsi.o)
 .debug_frame   0x0000000000001064       0x24 c:/st/stm32cubeide_1.6.1/stm32cubeide/plugins/com.st.stm32cube.ide.mcu.externaltools.gnu-tools-for-stm32.9-2020-q2-update.win32_1.5.0.202011040924/tools/bin/../lib/gcc/arm-none-eabi/9.3.1/thumb/v7-m/nofp\libgcc.a(_arm_truncdfsf2.o)
 .debug_frame   0x0000000000001088       0x4c c:/st/stm32cubeide_1.6.1/stm32cubeide/plugins/com.st.stm32cube.ide.mcu.externaltools.gnu-tools-for-stm32.9-2020-q2-update.win32_1.5.0.202011040924/tools/bin/../lib/gcc/arm-none-eabi/9.3.1/thumb/v7-m/nofp\libgcc.a(_arm_addsubsf3.o)
 .debug_frame   0x00000000000010d4       0x38 c:/st/stm32cubeide_1.6.1/stm32cubeide/plugins/com.st.stm32cube.ide.mcu.externaltools.gnu-tools-for-stm32.9-2020-q2-update.win32_1.5.0.202011040924/tools/bin/../lib/gcc/arm-none-eabi/9.3.1/thumb/v7-m/nofp\libgcc.a(_arm_muldivsf3.o)
 .debug_frame   0x000000000000110c       0xc8 c:/st/stm32cubeide_1.6.1/stm32cubeide/plugins/com.st.stm32cube.ide.mcu.externaltools.gnu-tools-for-stm32.9-2020-q2-update.win32_1.5.0.202011040924/tools/bin/../lib/gcc/arm-none-eabi/9.3.1/thumb/v7-m/nofp\libgcc.a(_arm_cmpsf2.o)
 .debug_frame   0x00000000000011d4       0x24 c:/st/stm32cubeide_1.6.1/stm32cubeide/plugins/com.st.stm32cube.ide.mcu.externaltools.gnu-tools-for-stm32.9-2020-q2-update.win32_1.5.0.202011040924/tools/bin/../lib/gcc/arm-none-eabi/9.3.1/thumb/v7-m/nofp\libgcc.a(_arm_fixunssfsi.o)
