../MCAL/MTIM1/MTIM1_prog.c:41:14:MTIMER1_enInit	4	static
../MCAL/MTIM1/MTIM1_prog.c:85:14:MTIMER1_setPrescaler	16	static
../MCAL/MTIM1/MTIM1_prog.c:91:14:MTIMER1_enReset	4	static
../MCAL/MTIM1/MTIM1_prog.c:98:14:MTIMER1_enStart	4	static
../MCAL/MTIM1/MTIM1_prog.c:115:14:MTIMER1_enStop	4	static
../MCAL/MTIM1/MTIM1_prog.c:122:14:MTIMER1_enEnableINT	4	static
../MCAL/MTIM1/MTIM1_prog.c:127:14:MTIMER1_enDisableINT	4	static
../MCAL/MTIM1/MTIM1_prog.c:133:14:MTIMER1_enSetCallBack	16	static
../MCAL/MTIM1/MTIM1_prog.c:140:14:MTIMER1_ICU_enRead	16	static
../MCAL/MTIM1/MTIM1_prog.c:145:14:MTIMER1_ICU_enSetTrigger	16	static
../MCAL/MTIM1/MTIM1_prog.c:164:6:TIM1_CC_IRQHandler	8	static
