../MCAL/MEXTI/MEXTI_prog.c:45:14:MEXTI_enInit	4	static
../MCAL/MEXTI/MEXTI_prog.c:81:14:MEXTI_enSetLatch	24	static
../MCAL/MEXTI/MEXTI_prog.c:131:14:MEXTI_enDisable	24	static
../MCAL/MEXTI/MEXTI_prog.c:162:14:MEXTI_enCallBack	24	static
../MCAL/MEXTI/MEXTI_prog.c:192:14:MEXTI_enSWInterrupt	24	static
../MCAL/MEXTI/MEXTI_prog.c:226:14:MEXTI_enClearPendingBit	24	static
../MCAL/MEXTI/MEXTI_prog.c:252:6:EXTI0_IRQHandler	8	static
../MCAL/MEXTI/MEXTI_prog.c:260:6:EXTI1_IRQHandler	8	static
../MCAL/MEXTI/MEXTI_prog.c:268:6:EXTI2_IRQHandler	8	static
../MCAL/MEXTI/MEXTI_prog.c:275:6:EXTI3_IRQHandler	8	static
../MCAL/MEXTI/MEXTI_prog.c:282:6:EXTI4_IRQHandler	8	static
../MCAL/MEXTI/MEXTI_prog.c:289:6:EXTI9_5_IRQHandler	8	static
../MCAL/MEXTI/MEXTI_prog.c:317:6:EXTI15_10_IRQHandler	8	static
