../MCAL/MADC/MADC_prog.c:40:14:MADC_enInit	24	static
../MCAL/MADC/MADC_prog.c:125:14:MADC_enSampleChannel	24	static
../MCAL/MADC/MADC_prog.c:143:14:MADC_enRegSingleChannel	24	static
../MCAL/MADC/MADC_prog.c:178:14:MADC_enInjSingleChannel	24	static
../MCAL/MADC/MADC_prog.c:212:14:MADC_enInjGroupChannel	24	static
../MCAL/MADC/MADC_prog.c:236:14:MADC_enRegGroupChannel	24	static
../MCAL/MADC/MADC_prog.c:281:14:MADC_enEnableInt	24	static
../MCAL/MADC/MADC_prog.c:297:14:MADC_enDisableInt	24	static
../MCAL/MADC/MADC_prog.c:313:14:MADC_enIntCallBack	24	static
../MCAL/MADC/MADC_prog.c:332:6:ADC1_2_IRQHandler	8	static
