TIMERx_program.c:20:6:MTIMERx_voidInit	4	static
TIMERx_program.c:52:6:MTIMERx_voidUpdatePSC	32	static
TIMERx_program.c:60:6:MTIMERx_voidPWMSetup	24	static
TIMERx_program.c:105:6:MTIMERx_voidSetPWMDuty	24	static
TIMERx_program.c:119:6:MTIMERx_voidStopTimer	16	static
TIMERx_program.c:132:6:MTIMERx_voidStartTimer	16	static
TIMERx_program.c:144:6:MTIMERx_voidInputCaptureSetup	24	static
TIMERx_program.c:192:6:MTIMERx_voidGetInputCaptureCounter	24	static
TIMERx_program.c:207:6:MTIMERx_voidSetInputCaptureTrigger	24	static
TIMERx_program.c:233:18:MTIMERx_GetTimerID	24	static
TIMERx_program.c:250:6:MTIMERx_voidInputCaptureCallback	16	static
TIMERx_program.c:261:6:TIM2_IRQHandler	8	static
TIMERx_program.c:309:6:TIM3_PWM_Init	8	static
TIMERx_program.c:328:6:TIM3_PWM_CH1_Generate	16	static
TIMERx_program.c:344:6:TIM3_PWM_CH2_Generate	16	static
