../HAL/HLCD/HLCD_prog.c:63:13:enablePulse	8	static
../HAL/HLCD/HLCD_prog.c:85:6:lcd_vidInit	8	static
../HAL/HLCD/HLCD_prog.c:120:6:lcd_vidSendCmd	16	static
../HAL/HLCD/HLCD_prog.c:150:6:lcd_vidSendData	16	static
../HAL/HLCD/HLCD_prog.c:181:6:lcd_vidGotoRowColumn	16	static
../HAL/HLCD/HLCD_prog.c:215:6:lcd_vidDisplyChar	16	static
../HAL/HLCD/HLCD_prog.c:229:6:lcd_vidDisplyStr	16	static
../HAL/HLCD/HLCD_prog.c:247:6:lcd_vidCustomWrite	16	static
../HAL/HLCD/HLCD_prog.c:262:6:lcd_vidDisplayNum	32	static
../HAL/HLCD/HLCD_prog.c:302:6:lcd_vidClrDislay	8	static
