14:07:44 **** Build of configuration Debug for project NTI-ADAS ****
make -j12 all 
arm-none-eabi-gcc -mcpu=cortex-m3 -g3 -DDEBUG -c -x assembler-with-cpp -MMD -MP -MF"Startup/startup_stm32f103c8tx.d" -MT"Startup/startup_stm32f103c8tx.o" --specs=nano.specs -mfloat-abi=soft -mthumb -o "Startup/startup_stm32f103c8tx.o" "../Startup/startup_stm32f103c8tx.s"
arm-none-eabi-gcc "../Src/main.c" -mcpu=cortex-m3 -std=gnu11 -g3 -DDEBUG -DSTM32 -DSTM32F1 -DSTM32F103C8Tx -c -I../Inc -I"E:/Final Project/NTI4M-ADAS_GP/NTI-ADAS" -I"E:/Final Project/NTI4M-ADAS_GP/NTI-ADAS" -I"E:/Final Project/NTI4M-ADAS_GP/NTI-ADAS/APP" -I"E:/Final Project/NTI4M-ADAS_GP/NTI-ADAS/HAL/DC MOTOR" -I"E:/Final Project/NTI4M-ADAS_GP/NTI-ADAS/HAL/HIR" -I"E:/Final Project/NTI4M-ADAS_GP/NTI-ADAS/HAL/HLCD" -I"E:/Final Project/NTI4M-ADAS_GP/NTI-ADAS/HAL/HLM35 TEMP" -I"E:/Final Project/NTI4M-ADAS_GP/NTI-ADAS/HAL/HPIR" -I"E:/Final Project/NTI4M-ADAS_GP/NTI-ADAS/HAL/HRAIN SENSOR" -I"E:/Final Project/NTI4M-ADAS_GP/NTI-ADAS/HAL/HRPLIDAR" -I"E:/Final Project/NTI4M-ADAS_GP/NTI-ADAS/HAL/HULTRASONIC" -I"E:/Final Project/NTI4M-ADAS_GP/NTI-ADAS/Inc" -I"E:/Final Project/NTI4M-ADAS_GP/NTI-ADAS/LIB" -I"E:/Final Project/NTI4M-ADAS_GP/NTI-ADAS/MCAL" -I"E:/Final Project/NTI4M-ADAS_GP/NTI-ADAS/MCAL/GPTIM" -I"E:/Final Project/NTI4M-ADAS_GP/NTI-ADAS/MCAL/MADC" -I"E:/Final Project/NTI4M-ADAS_GP/NTI-ADAS/MCAL/MAFIO" -I"E:/Final Project/NTI4M-ADAS_GP/NTI-ADAS/MCAL/MEXTI" -I"E:/Final Project/NTI4M-ADAS_GP/NTI-ADAS/MCAL/MGPIO" -I"E:/Final Project/NTI4M-ADAS_GP/NTI-ADAS/MCAL/MNVIC" -I"E:/Final Project/NTI4M-ADAS_GP/NTI-ADAS/MCAL/MRCC" -I"E:/Final Project/NTI4M-ADAS_GP/NTI-ADAS/MCAL/MSYSTICK" -I"E:/Final Project/NTI4M-ADAS_GP/NTI-ADAS/MCAL/MTIM1" -I"E:/Final Project/NTI4M-ADAS_GP/NTI-ADAS/MCAL/MUSART" -I"E:/Final Project/NTI4M-ADAS_GP/NTI-ADAS/Src" -O0 -ffunction-sections -fdata-sections -Wall -fstack-usage -fcyclomatic-complexity -MMD -MP -MF"Src/main.d" -MT"Src/main.o" --specs=nano.specs -mfloat-abi=soft -mthumb -o "Src/main.o"
arm-none-eabi-gcc "../Src/syscalls.c" -mcpu=cortex-m3 -std=gnu11 -g3 -DDEBUG -DSTM32 -DSTM32F1 -DSTM32F103C8Tx -c -I../Inc -I"E:/Final Project/NTI4M-ADAS_GP/NTI-ADAS" -I"E:/Final Project/NTI4M-ADAS_GP/NTI-ADAS" -I"E:/Final Project/NTI4M-ADAS_GP/NTI-ADAS/APP" -I"E:/Final Project/NTI4M-ADAS_GP/NTI-ADAS/HAL/DC MOTOR" -I"E:/Final Project/NTI4M-ADAS_GP/NTI-ADAS/HAL/HIR" -I"E:/Final Project/NTI4M-ADAS_GP/NTI-ADAS/HAL/HLCD" -I"E:/Final Project/NTI4M-ADAS_GP/NTI-ADAS/HAL/HLM35 TEMP" -I"E:/Final Project/NTI4M-ADAS_GP/NTI-ADAS/HAL/HPIR" -I"E:/Final Project/NTI4M-ADAS_GP/NTI-ADAS/HAL/HRAIN SENSOR" -I"E:/Final Project/NTI4M-ADAS_GP/NTI-ADAS/HAL/HRPLIDAR" -I"E:/Final Project/NTI4M-ADAS_GP/NTI-ADAS/HAL/HULTRASONIC" -I"E:/Final Project/NTI4M-ADAS_GP/NTI-ADAS/Inc" -I"E:/Final Project/NTI4M-ADAS_GP/NTI-ADAS/LIB" -I"E:/Final Project/NTI4M-ADAS_GP/NTI-ADAS/MCAL" -I"E:/Final Project/NTI4M-ADAS_GP/NTI-ADAS/MCAL/GPTIM" -I"E:/Final Project/NTI4M-ADAS_GP/NTI-ADAS/MCAL/MADC" -I"E:/Final Project/NTI4M-ADAS_GP/NTI-ADAS/MCAL/MAFIO" -I"E:/Final Project/NTI4M-ADAS_GP/NTI-ADAS/MCAL/MEXTI" -I"E:/Final Project/NTI4M-ADAS_GP/NTI-ADAS/MCAL/MGPIO" -I"E:/Final Project/NTI4M-ADAS_GP/NTI-ADAS/MCAL/MNVIC" -I"E:/Final Project/NTI4M-ADAS_GP/NTI-ADAS/MCAL/MRCC" -I"E:/Final Project/NTI4M-ADAS_GP/NTI-ADAS/MCAL/MSYSTICK" -I"E:/Final Project/NTI4M-ADAS_GP/NTI-ADAS/MCAL/MTIM1" -I"E:/Final Project/NTI4M-ADAS_GP/NTI-ADAS/MCAL/MUSART" -I"E:/Final Project/NTI4M-ADAS_GP/NTI-ADAS/Src" -O0 -ffunction-sections -fdata-sections -Wall -fstack-usage -fcyclomatic-complexity -MMD -MP -MF"Src/syscalls.d" -MT"Src/syscalls.o" --specs=nano.specs -mfloat-abi=soft -mthumb -o "Src/syscalls.o"
arm-none-eabi-gcc "../Src/sysmem.c" -mcpu=cortex-m3 -std=gnu11 -g3 -DDEBUG -DSTM32 -DSTM32F1 -DSTM32F103C8Tx -c -I../Inc -I"E:/Final Project/NTI4M-ADAS_GP/NTI-ADAS" -I"E:/Final Project/NTI4M-ADAS_GP/NTI-ADAS" -I"E:/Final Project/NTI4M-ADAS_GP/NTI-ADAS/APP" -I"E:/Final Project/NTI4M-ADAS_GP/NTI-ADAS/HAL/DC MOTOR" -I"E:/Final Project/NTI4M-ADAS_GP/NTI-ADAS/HAL/HIR" -I"E:/Final Project/NTI4M-ADAS_GP/NTI-ADAS/HAL/HLCD" -I"E:/Final Project/NTI4M-ADAS_GP/NTI-ADAS/HAL/HLM35 TEMP" -I"E:/Final Project/NTI4M-ADAS_GP/NTI-ADAS/HAL/HPIR" -I"E:/Final Project/NTI4M-ADAS_GP/NTI-ADAS/HAL/HRAIN SENSOR" -I"E:/Final Project/NTI4M-ADAS_GP/NTI-ADAS/HAL/HRPLIDAR" -I"E:/Final Project/NTI4M-ADAS_GP/NTI-ADAS/HAL/HULTRASONIC" -I"E:/Final Project/NTI4M-ADAS_GP/NTI-ADAS/Inc" -I"E:/Final Project/NTI4M-ADAS_GP/NTI-ADAS/LIB" -I"E:/Final Project/NTI4M-ADAS_GP/NTI-ADAS/MCAL" -I"E:/Final Project/NTI4M-ADAS_GP/NTI-ADAS/MCAL/GPTIM" -I"E:/Final Project/NTI4M-ADAS_GP/NTI-ADAS/MCAL/MADC" -I"E:/Final Project/NTI4M-ADAS_GP/NTI-ADAS/MCAL/MAFIO" -I"E:/Final Project/NTI4M-ADAS_GP/NTI-ADAS/MCAL/MEXTI" -I"E:/Final Project/NTI4M-ADAS_GP/NTI-ADAS/MCAL/MGPIO" -I"E:/Final Project/NTI4M-ADAS_GP/NTI-ADAS/MCAL/MNVIC" -I"E:/Final Project/NTI4M-ADAS_GP/NTI-ADAS/MCAL/MRCC" -I"E:/Final Project/NTI4M-ADAS_GP/NTI-ADAS/MCAL/MSYSTICK" -I"E:/Final Project/NTI4M-ADAS_GP/NTI-ADAS/MCAL/MTIM1" -I"E:/Final Project/NTI4M-ADAS_GP/NTI-ADAS/MCAL/MUSART" -I"E:/Final Project/NTI4M-ADAS_GP/NTI-ADAS/Src" -O0 -ffunction-sections -fdata-sections -Wall -fstack-usage -fcyclomatic-complexity -MMD -MP -MF"Src/sysmem.d" -MT"Src/sysmem.o" --specs=nano.specs -mfloat-abi=soft -mthumb -o "Src/sysmem.o"
arm-none-eabi-gcc "../MCAL/MUSART/MUSART_prog.c" -mcpu=cortex-m3 -std=gnu11 -g3 -DDEBUG -DSTM32 -DSTM32F1 -DSTM32F103C8Tx -c -I../Inc -I"E:/Final Project/NTI4M-ADAS_GP/NTI-ADAS" -I"E:/Final Project/NTI4M-ADAS_GP/NTI-ADAS" -I"E:/Final Project/NTI4M-ADAS_GP/NTI-ADAS/APP" -I"E:/Final Project/NTI4M-ADAS_GP/NTI-ADAS/HAL/DC MOTOR" -I"E:/Final Project/NTI4M-ADAS_GP/NTI-ADAS/HAL/HIR" -I"E:/Final Project/NTI4M-ADAS_GP/NTI-ADAS/HAL/HLCD" -I"E:/Final Project/NTI4M-ADAS_GP/NTI-ADAS/HAL/HLM35 TEMP" -I"E:/Final Project/NTI4M-ADAS_GP/NTI-ADAS/HAL/HPIR" -I"E:/Final Project/NTI4M-ADAS_GP/NTI-ADAS/HAL/HRAIN SENSOR" -I"E:/Final Project/NTI4M-ADAS_GP/NTI-ADAS/HAL/HRPLIDAR" -I"E:/Final Project/NTI4M-ADAS_GP/NTI-ADAS/HAL/HULTRASONIC" -I"E:/Final Project/NTI4M-ADAS_GP/NTI-ADAS/Inc" -I"E:/Final Project/NTI4M-ADAS_GP/NTI-ADAS/LIB" -I"E:/Final Project/NTI4M-ADAS_GP/NTI-ADAS/MCAL" -I"E:/Final Project/NTI4M-ADAS_GP/NTI-ADAS/MCAL/GPTIM" -I"E:/Final Project/NTI4M-ADAS_GP/NTI-ADAS/MCAL/MADC" -I"E:/Final Project/NTI4M-ADAS_GP/NTI-ADAS/MCAL/MAFIO" -I"E:/Final Project/NTI4M-ADAS_GP/NTI-ADAS/MCAL/MEXTI" -I"E:/Final Project/NTI4M-ADAS_GP/NTI-ADAS/MCAL/MGPIO" -I"E:/Final Project/NTI4M-ADAS_GP/NTI-ADAS/MCAL/MNVIC" -I"E:/Final Project/NTI4M-ADAS_GP/NTI-ADAS/MCAL/MRCC" -I"E:/Final Project/NTI4M-ADAS_GP/NTI-ADAS/MCAL/MSYSTICK" -I"E:/Final Project/NTI4M-ADAS_GP/NTI-ADAS/MCAL/MTIM1" -I"E:/Final Project/NTI4M-ADAS_GP/NTI-ADAS/MCAL/MUSART" -I"E:/Final Project/NTI4M-ADAS_GP/NTI-ADAS/Src" -O0 -ffunction-sections -fdata-sections -Wall -fstack-usage -fcyclomatic-complexity -MMD -MP -MF"MCAL/MUSART/MUSART_prog.d" -MT"MCAL/MUSART/MUSART_prog.o" --specs=nano.specs -mfloat-abi=soft -mthumb -o "MCAL/MUSART/MUSART_prog.o"
arm-none-eabi-gcc "../MCAL/MTIM1/MTIM1_prog.c" -mcpu=cortex-m3 -std=gnu11 -g3 -DDEBUG -DSTM32 -DSTM32F1 -DSTM32F103C8Tx -c -I../Inc -I"E:/Final Project/NTI4M-ADAS_GP/NTI-ADAS" -I"E:/Final Project/NTI4M-ADAS_GP/NTI-ADAS" -I"E:/Final Project/NTI4M-ADAS_GP/NTI-ADAS/APP" -I"E:/Final Project/NTI4M-ADAS_GP/NTI-ADAS/HAL/DC MOTOR" -I"E:/Final Project/NTI4M-ADAS_GP/NTI-ADAS/HAL/HIR" -I"E:/Final Project/NTI4M-ADAS_GP/NTI-ADAS/HAL/HLCD" -I"E:/Final Project/NTI4M-ADAS_GP/NTI-ADAS/HAL/HLM35 TEMP" -I"E:/Final Project/NTI4M-ADAS_GP/NTI-ADAS/HAL/HPIR" -I"E:/Final Project/NTI4M-ADAS_GP/NTI-ADAS/HAL/HRAIN SENSOR" -I"E:/Final Project/NTI4M-ADAS_GP/NTI-ADAS/HAL/HRPLIDAR" -I"E:/Final Project/NTI4M-ADAS_GP/NTI-ADAS/HAL/HULTRASONIC" -I"E:/Final Project/NTI4M-ADAS_GP/NTI-ADAS/Inc" -I"E:/Final Project/NTI4M-ADAS_GP/NTI-ADAS/LIB" -I"E:/Final Project/NTI4M-ADAS_GP/NTI-ADAS/MCAL" -I"E:/Final Project/NTI4M-ADAS_GP/NTI-ADAS/MCAL/GPTIM" -I"E:/Final Project/NTI4M-ADAS_GP/NTI-ADAS/MCAL/MADC" -I"E:/Final Project/NTI4M-ADAS_GP/NTI-ADAS/MCAL/MAFIO" -I"E:/Final Project/NTI4M-ADAS_GP/NTI-ADAS/MCAL/MEXTI" -I"E:/Final Project/NTI4M-ADAS_GP/NTI-ADAS/MCAL/MGPIO" -I"E:/Final Project/NTI4M-ADAS_GP/NTI-ADAS/MCAL/MNVIC" -I"E:/Final Project/NTI4M-ADAS_GP/NTI-ADAS/MCAL/MRCC" -I"E:/Final Project/NTI4M-ADAS_GP/NTI-ADAS/MCAL/MSYSTICK" -I"E:/Final Project/NTI4M-ADAS_GP/NTI-ADAS/MCAL/MTIM1" -I"E:/Final Project/NTI4M-ADAS_GP/NTI-ADAS/MCAL/MUSART" -I"E:/Final Project/NTI4M-ADAS_GP/NTI-ADAS/Src" -O0 -ffunction-sections -fdata-sections -Wall -fstack-usage -fcyclomatic-complexity -MMD -MP -MF"MCAL/MTIM1/MTIM1_prog.d" -MT"MCAL/MTIM1/MTIM1_prog.o" --specs=nano.specs -mfloat-abi=soft -mthumb -o "MCAL/MTIM1/MTIM1_prog.o"
arm-none-eabi-gcc "../MCAL/MSYSTICK/MSYSTICK_prog.c" -mcpu=cortex-m3 -std=gnu11 -g3 -DDEBUG -DSTM32 -DSTM32F1 -DSTM32F103C8Tx -c -I../Inc -I"E:/Final Project/NTI4M-ADAS_GP/NTI-ADAS" -I"E:/Final Project/NTI4M-ADAS_GP/NTI-ADAS" -I"E:/Final Project/NTI4M-ADAS_GP/NTI-ADAS/APP" -I"E:/Final Project/NTI4M-ADAS_GP/NTI-ADAS/HAL/DC MOTOR" -I"E:/Final Project/NTI4M-ADAS_GP/NTI-ADAS/HAL/HIR" -I"E:/Final Project/NTI4M-ADAS_GP/NTI-ADAS/HAL/HLCD" -I"E:/Final Project/NTI4M-ADAS_GP/NTI-ADAS/HAL/HLM35 TEMP" -I"E:/Final Project/NTI4M-ADAS_GP/NTI-ADAS/HAL/HPIR" -I"E:/Final Project/NTI4M-ADAS_GP/NTI-ADAS/HAL/HRAIN SENSOR" -I"E:/Final Project/NTI4M-ADAS_GP/NTI-ADAS/HAL/HRPLIDAR" -I"E:/Final Project/NTI4M-ADAS_GP/NTI-ADAS/HAL/HULTRASONIC" -I"E:/Final Project/NTI4M-ADAS_GP/NTI-ADAS/Inc" -I"E:/Final Project/NTI4M-ADAS_GP/NTI-ADAS/LIB" -I"E:/Final Project/NTI4M-ADAS_GP/NTI-ADAS/MCAL" -I"E:/Final Project/NTI4M-ADAS_GP/NTI-ADAS/MCAL/GPTIM" -I"E:/Final Project/NTI4M-ADAS_GP/NTI-ADAS/MCAL/MADC" -I"E:/Final Project/NTI4M-ADAS_GP/NTI-ADAS/MCAL/MAFIO" -I"E:/Final Project/NTI4M-ADAS_GP/NTI-ADAS/MCAL/MEXTI" -I"E:/Final Project/NTI4M-ADAS_GP/NTI-ADAS/MCAL/MGPIO" -I"E:/Final Project/NTI4M-ADAS_GP/NTI-ADAS/MCAL/MNVIC" -I"E:/Final Project/NTI4M-ADAS_GP/NTI-ADAS/MCAL/MRCC" -I"E:/Final Project/NTI4M-ADAS_GP/NTI-ADAS/MCAL/MSYSTICK" -I"E:/Final Project/NTI4M-ADAS_GP/NTI-ADAS/MCAL/MTIM1" -I"E:/Final Project/NTI4M-ADAS_GP/NTI-ADAS/MCAL/MUSART" -I"E:/Final Project/NTI4M-ADAS_GP/NTI-ADAS/Src" -O0 -ffunction-sections -fdata-sections -Wall -fstack-usage -fcyclomatic-complexity -MMD -MP -MF"MCAL/MSYSTICK/MSYSTICK_prog.d" -MT"MCAL/MSYSTICK/MSYSTICK_prog.o" --specs=nano.specs -mfloat-abi=soft -mthumb -o "MCAL/MSYSTICK/MSYSTICK_prog.o"
arm-none-eabi-gcc "../MCAL/MRCC/MRCC_prog.c" -mcpu=cortex-m3 -std=gnu11 -g3 -DDEBUG -DSTM32 -DSTM32F1 -DSTM32F103C8Tx -c -I../Inc -I"E:/Final Project/NTI4M-ADAS_GP/NTI-ADAS" -I"E:/Final Project/NTI4M-ADAS_GP/NTI-ADAS" -I"E:/Final Project/NTI4M-ADAS_GP/NTI-ADAS/APP" -I"E:/Final Project/NTI4M-ADAS_GP/NTI-ADAS/HAL/DC MOTOR" -I"E:/Final Project/NTI4M-ADAS_GP/NTI-ADAS/HAL/HIR" -I"E:/Final Project/NTI4M-ADAS_GP/NTI-ADAS/HAL/HLCD" -I"E:/Final Project/NTI4M-ADAS_GP/NTI-ADAS/HAL/HLM35 TEMP" -I"E:/Final Project/NTI4M-ADAS_GP/NTI-ADAS/HAL/HPIR" -I"E:/Final Project/NTI4M-ADAS_GP/NTI-ADAS/HAL/HRAIN SENSOR" -I"E:/Final Project/NTI4M-ADAS_GP/NTI-ADAS/HAL/HRPLIDAR" -I"E:/Final Project/NTI4M-ADAS_GP/NTI-ADAS/HAL/HULTRASONIC" -I"E:/Final Project/NTI4M-ADAS_GP/NTI-ADAS/Inc" -I"E:/Final Project/NTI4M-ADAS_GP/NTI-ADAS/LIB" -I"E:/Final Project/NTI4M-ADAS_GP/NTI-ADAS/MCAL" -I"E:/Final Project/NTI4M-ADAS_GP/NTI-ADAS/MCAL/GPTIM" -I"E:/Final Project/NTI4M-ADAS_GP/NTI-ADAS/MCAL/MADC" -I"E:/Final Project/NTI4M-ADAS_GP/NTI-ADAS/MCAL/MAFIO" -I"E:/Final Project/NTI4M-ADAS_GP/NTI-ADAS/MCAL/MEXTI" -I"E:/Final Project/NTI4M-ADAS_GP/NTI-ADAS/MCAL/MGPIO" -I"E:/Final Project/NTI4M-ADAS_GP/NTI-ADAS/MCAL/MNVIC" -I"E:/Final Project/NTI4M-ADAS_GP/NTI-ADAS/MCAL/MRCC" -I"E:/Final Project/NTI4M-ADAS_GP/NTI-ADAS/MCAL/MSYSTICK" -I"E:/Final Project/NTI4M-ADAS_GP/NTI-ADAS/MCAL/MTIM1" -I"E:/Final Project/NTI4M-ADAS_GP/NTI-ADAS/MCAL/MUSART" -I"E:/Final Project/NTI4M-ADAS_GP/NTI-ADAS/Src" -O0 -ffunction-sections -fdata-sections -Wall -fstack-usage -fcyclomatic-complexity -MMD -MP -MF"MCAL/MRCC/MRCC_prog.d" -MT"MCAL/MRCC/MRCC_prog.o" --specs=nano.specs -mfloat-abi=soft -mthumb -o "MCAL/MRCC/MRCC_prog.o"
arm-none-eabi-gcc "../MCAL/MNVIC/MNVIC_prog.c" -mcpu=cortex-m3 -std=gnu11 -g3 -DDEBUG -DSTM32 -DSTM32F1 -DSTM32F103C8Tx -c -I../Inc -I"E:/Final Project/NTI4M-ADAS_GP/NTI-ADAS" -I"E:/Final Project/NTI4M-ADAS_GP/NTI-ADAS" -I"E:/Final Project/NTI4M-ADAS_GP/NTI-ADAS/APP" -I"E:/Final Project/NTI4M-ADAS_GP/NTI-ADAS/HAL/DC MOTOR" -I"E:/Final Project/NTI4M-ADAS_GP/NTI-ADAS/HAL/HIR" -I"E:/Final Project/NTI4M-ADAS_GP/NTI-ADAS/HAL/HLCD" -I"E:/Final Project/NTI4M-ADAS_GP/NTI-ADAS/HAL/HLM35 TEMP" -I"E:/Final Project/NTI4M-ADAS_GP/NTI-ADAS/HAL/HPIR" -I"E:/Final Project/NTI4M-ADAS_GP/NTI-ADAS/HAL/HRAIN SENSOR" -I"E:/Final Project/NTI4M-ADAS_GP/NTI-ADAS/HAL/HRPLIDAR" -I"E:/Final Project/NTI4M-ADAS_GP/NTI-ADAS/HAL/HULTRASONIC" -I"E:/Final Project/NTI4M-ADAS_GP/NTI-ADAS/Inc" -I"E:/Final Project/NTI4M-ADAS_GP/NTI-ADAS/LIB" -I"E:/Final Project/NTI4M-ADAS_GP/NTI-ADAS/MCAL" -I"E:/Final Project/NTI4M-ADAS_GP/NTI-ADAS/MCAL/GPTIM" -I"E:/Final Project/NTI4M-ADAS_GP/NTI-ADAS/MCAL/MADC" -I"E:/Final Project/NTI4M-ADAS_GP/NTI-ADAS/MCAL/MAFIO" -I"E:/Final Project/NTI4M-ADAS_GP/NTI-ADAS/MCAL/MEXTI" -I"E:/Final Project/NTI4M-ADAS_GP/NTI-ADAS/MCAL/MGPIO" -I"E:/Final Project/NTI4M-ADAS_GP/NTI-ADAS/MCAL/MNVIC" -I"E:/Final Project/NTI4M-ADAS_GP/NTI-ADAS/MCAL/MRCC" -I"E:/Final Project/NTI4M-ADAS_GP/NTI-ADAS/MCAL/MSYSTICK" -I"E:/Final Project/NTI4M-ADAS_GP/NTI-ADAS/MCAL/MTIM1" -I"E:/Final Project/NTI4M-ADAS_GP/NTI-ADAS/MCAL/MUSART" -I"E:/Final Project/NTI4M-ADAS_GP/NTI-ADAS/Src" -O0 -ffunction-sections -fdata-sections -Wall -fstack-usage -fcyclomatic-complexity -MMD -MP -MF"MCAL/MNVIC/MNVIC_prog.d" -MT"MCAL/MNVIC/MNVIC_prog.o" --specs=nano.specs -mfloat-abi=soft -mthumb -o "MCAL/MNVIC/MNVIC_prog.o"
arm-none-eabi-gcc "../MCAL/MGPIO/MGPIO_prog.c" -mcpu=cortex-m3 -std=gnu11 -g3 -DDEBUG -DSTM32 -DSTM32F1 -DSTM32F103C8Tx -c -I../Inc -I"E:/Final Project/NTI4M-ADAS_GP/NTI-ADAS" -I"E:/Final Project/NTI4M-ADAS_GP/NTI-ADAS" -I"E:/Final Project/NTI4M-ADAS_GP/NTI-ADAS/APP" -I"E:/Final Project/NTI4M-ADAS_GP/NTI-ADAS/HAL/DC MOTOR" -I"E:/Final Project/NTI4M-ADAS_GP/NTI-ADAS/HAL/HIR" -I"E:/Final Project/NTI4M-ADAS_GP/NTI-ADAS/HAL/HLCD" -I"E:/Final Project/NTI4M-ADAS_GP/NTI-ADAS/HAL/HLM35 TEMP" -I"E:/Final Project/NTI4M-ADAS_GP/NTI-ADAS/HAL/HPIR" -I"E:/Final Project/NTI4M-ADAS_GP/NTI-ADAS/HAL/HRAIN SENSOR" -I"E:/Final Project/NTI4M-ADAS_GP/NTI-ADAS/HAL/HRPLIDAR" -I"E:/Final Project/NTI4M-ADAS_GP/NTI-ADAS/HAL/HULTRASONIC" -I"E:/Final Project/NTI4M-ADAS_GP/NTI-ADAS/Inc" -I"E:/Final Project/NTI4M-ADAS_GP/NTI-ADAS/LIB" -I"E:/Final Project/NTI4M-ADAS_GP/NTI-ADAS/MCAL" -I"E:/Final Project/NTI4M-ADAS_GP/NTI-ADAS/MCAL/GPTIM" -I"E:/Final Project/NTI4M-ADAS_GP/NTI-ADAS/MCAL/MADC" -I"E:/Final Project/NTI4M-ADAS_GP/NTI-ADAS/MCAL/MAFIO" -I"E:/Final Project/NTI4M-ADAS_GP/NTI-ADAS/MCAL/MEXTI" -I"E:/Final Project/NTI4M-ADAS_GP/NTI-ADAS/MCAL/MGPIO" -I"E:/Final Project/NTI4M-ADAS_GP/NTI-ADAS/MCAL/MNVIC" -I"E:/Final Project/NTI4M-ADAS_GP/NTI-ADAS/MCAL/MRCC" -I"E:/Final Project/NTI4M-ADAS_GP/NTI-ADAS/MCAL/MSYSTICK" -I"E:/Final Project/NTI4M-ADAS_GP/NTI-ADAS/MCAL/MTIM1" -I"E:/Final Project/NTI4M-ADAS_GP/NTI-ADAS/MCAL/MUSART" -I"E:/Final Project/NTI4M-ADAS_GP/NTI-ADAS/Src" -O0 -ffunction-sections -fdata-sections -Wall -fstack-usage -fcyclomatic-complexity -MMD -MP -MF"MCAL/MGPIO/MGPIO_prog.d" -MT"MCAL/MGPIO/MGPIO_prog.o" --specs=nano.specs -mfloat-abi=soft -mthumb -o "MCAL/MGPIO/MGPIO_prog.o"
arm-none-eabi-gcc "../MCAL/MEXTI/MEXTI_prog.c" -mcpu=cortex-m3 -std=gnu11 -g3 -DDEBUG -DSTM32 -DSTM32F1 -DSTM32F103C8Tx -c -I../Inc -I"E:/Final Project/NTI4M-ADAS_GP/NTI-ADAS" -I"E:/Final Project/NTI4M-ADAS_GP/NTI-ADAS" -I"E:/Final Project/NTI4M-ADAS_GP/NTI-ADAS/APP" -I"E:/Final Project/NTI4M-ADAS_GP/NTI-ADAS/HAL/DC MOTOR" -I"E:/Final Project/NTI4M-ADAS_GP/NTI-ADAS/HAL/HIR" -I"E:/Final Project/NTI4M-ADAS_GP/NTI-ADAS/HAL/HLCD" -I"E:/Final Project/NTI4M-ADAS_GP/NTI-ADAS/HAL/HLM35 TEMP" -I"E:/Final Project/NTI4M-ADAS_GP/NTI-ADAS/HAL/HPIR" -I"E:/Final Project/NTI4M-ADAS_GP/NTI-ADAS/HAL/HRAIN SENSOR" -I"E:/Final Project/NTI4M-ADAS_GP/NTI-ADAS/HAL/HRPLIDAR" -I"E:/Final Project/NTI4M-ADAS_GP/NTI-ADAS/HAL/HULTRASONIC" -I"E:/Final Project/NTI4M-ADAS_GP/NTI-ADAS/Inc" -I"E:/Final Project/NTI4M-ADAS_GP/NTI-ADAS/LIB" -I"E:/Final Project/NTI4M-ADAS_GP/NTI-ADAS/MCAL" -I"E:/Final Project/NTI4M-ADAS_GP/NTI-ADAS/MCAL/GPTIM" -I"E:/Final Project/NTI4M-ADAS_GP/NTI-ADAS/MCAL/MADC" -I"E:/Final Project/NTI4M-ADAS_GP/NTI-ADAS/MCAL/MAFIO" -I"E:/Final Project/NTI4M-ADAS_GP/NTI-ADAS/MCAL/MEXTI" -I"E:/Final Project/NTI4M-ADAS_GP/NTI-ADAS/MCAL/MGPIO" -I"E:/Final Project/NTI4M-ADAS_GP/NTI-ADAS/MCAL/MNVIC" -I"E:/Final Project/NTI4M-ADAS_GP/NTI-ADAS/MCAL/MRCC" -I"E:/Final Project/NTI4M-ADAS_GP/NTI-ADAS/MCAL/MSYSTICK" -I"E:/Final Project/NTI4M-ADAS_GP/NTI-ADAS/MCAL/MTIM1" -I"E:/Final Project/NTI4M-ADAS_GP/NTI-ADAS/MCAL/MUSART" -I"E:/Final Project/NTI4M-ADAS_GP/NTI-ADAS/Src" -O0 -ffunction-sections -fdata-sections -Wall -fstack-usage -fcyclomatic-complexity -MMD -MP -MF"MCAL/MEXTI/MEXTI_prog.d" -MT"MCAL/MEXTI/MEXTI_prog.o" --specs=nano.specs -mfloat-abi=soft -mthumb -o "MCAL/MEXTI/MEXTI_prog.o"
arm-none-eabi-gcc "../MCAL/MAFIO/MAFIO_prog.c" -mcpu=cortex-m3 -std=gnu11 -g3 -DDEBUG -DSTM32 -DSTM32F1 -DSTM32F103C8Tx -c -I../Inc -I"E:/Final Project/NTI4M-ADAS_GP/NTI-ADAS" -I"E:/Final Project/NTI4M-ADAS_GP/NTI-ADAS" -I"E:/Final Project/NTI4M-ADAS_GP/NTI-ADAS/APP" -I"E:/Final Project/NTI4M-ADAS_GP/NTI-ADAS/HAL/DC MOTOR" -I"E:/Final Project/NTI4M-ADAS_GP/NTI-ADAS/HAL/HIR" -I"E:/Final Project/NTI4M-ADAS_GP/NTI-ADAS/HAL/HLCD" -I"E:/Final Project/NTI4M-ADAS_GP/NTI-ADAS/HAL/HLM35 TEMP" -I"E:/Final Project/NTI4M-ADAS_GP/NTI-ADAS/HAL/HPIR" -I"E:/Final Project/NTI4M-ADAS_GP/NTI-ADAS/HAL/HRAIN SENSOR" -I"E:/Final Project/NTI4M-ADAS_GP/NTI-ADAS/HAL/HRPLIDAR" -I"E:/Final Project/NTI4M-ADAS_GP/NTI-ADAS/HAL/HULTRASONIC" -I"E:/Final Project/NTI4M-ADAS_GP/NTI-ADAS/Inc" -I"E:/Final Project/NTI4M-ADAS_GP/NTI-ADAS/LIB" -I"E:/Final Project/NTI4M-ADAS_GP/NTI-ADAS/MCAL" -I"E:/Final Project/NTI4M-ADAS_GP/NTI-ADAS/MCAL/GPTIM" -I"E:/Final Project/NTI4M-ADAS_GP/NTI-ADAS/MCAL/MADC" -I"E:/Final Project/NTI4M-ADAS_GP/NTI-ADAS/MCAL/MAFIO" -I"E:/Final Project/NTI4M-ADAS_GP/NTI-ADAS/MCAL/MEXTI" -I"E:/Final Project/NTI4M-ADAS_GP/NTI-ADAS/MCAL/MGPIO" -I"E:/Final Project/NTI4M-ADAS_GP/NTI-ADAS/MCAL/MNVIC" -I"E:/Final Project/NTI4M-ADAS_GP/NTI-ADAS/MCAL/MRCC" -I"E:/Final Project/NTI4M-ADAS_GP/NTI-ADAS/MCAL/MSYSTICK" -I"E:/Final Project/NTI4M-ADAS_GP/NTI-ADAS/MCAL/MTIM1" -I"E:/Final Project/NTI4M-ADAS_GP/NTI-ADAS/MCAL/MUSART" -I"E:/Final Project/NTI4M-ADAS_GP/NTI-ADAS/Src" -O0 -ffunction-sections -fdata-sections -Wall -fstack-usage -fcyclomatic-complexity -MMD -MP -MF"MCAL/MAFIO/MAFIO_prog.d" -MT"MCAL/MAFIO/MAFIO_prog.o" --specs=nano.specs -mfloat-abi=soft -mthumb -o "MCAL/MAFIO/MAFIO_prog.o"
../MCAL/MUSART/MUSART_prog.c: In function 'MUSART_enBusyReceiveByte':
../MCAL/MUSART/MUSART_prog.c:269:22: warning: unused variable 'local_state' [-Wunused-variable]
  269 |         ErrorState_t local_state = SUCCESS;
      |                      ^~~~~~~~~~~
arm-none-eabi-gcc "../MCAL/MADC/MADC_prog.c" -mcpu=cortex-m3 -std=gnu11 -g3 -DDEBUG -DSTM32 -DSTM32F1 -DSTM32F103C8Tx -c -I../Inc -I"E:/Final Project/NTI4M-ADAS_GP/NTI-ADAS" -I"E:/Final Project/NTI4M-ADAS_GP/NTI-ADAS" -I"E:/Final Project/NTI4M-ADAS_GP/NTI-ADAS/APP" -I"E:/Final Project/NTI4M-ADAS_GP/NTI-ADAS/HAL/DC MOTOR" -I"E:/Final Project/NTI4M-ADAS_GP/NTI-ADAS/HAL/HIR" -I"E:/Final Project/NTI4M-ADAS_GP/NTI-ADAS/HAL/HLCD" -I"E:/Final Project/NTI4M-ADAS_GP/NTI-ADAS/HAL/HLM35 TEMP" -I"E:/Final Project/NTI4M-ADAS_GP/NTI-ADAS/HAL/HPIR" -I"E:/Final Project/NTI4M-ADAS_GP/NTI-ADAS/HAL/HRAIN SENSOR" -I"E:/Final Project/NTI4M-ADAS_GP/NTI-ADAS/HAL/HRPLIDAR" -I"E:/Final Project/NTI4M-ADAS_GP/NTI-ADAS/HAL/HULTRASONIC" -I"E:/Final Project/NTI4M-ADAS_GP/NTI-ADAS/Inc" -I"E:/Final Project/NTI4M-ADAS_GP/NTI-ADAS/LIB" -I"E:/Final Project/NTI4M-ADAS_GP/NTI-ADAS/MCAL" -I"E:/Final Project/NTI4M-ADAS_GP/NTI-ADAS/MCAL/GPTIM" -I"E:/Final Project/NTI4M-ADAS_GP/NTI-ADAS/MCAL/MADC" -I"E:/Final Project/NTI4M-ADAS_GP/NTI-ADAS/MCAL/MAFIO" -I"E:/Final Project/NTI4M-ADAS_GP/NTI-ADAS/MCAL/MEXTI" -I"E:/Final Project/NTI4M-ADAS_GP/NTI-ADAS/MCAL/MGPIO" -I"E:/Final Project/NTI4M-ADAS_GP/NTI-ADAS/MCAL/MNVIC" -I"E:/Final Project/NTI4M-ADAS_GP/NTI-ADAS/MCAL/MRCC" -I"E:/Final Project/NTI4M-ADAS_GP/NTI-ADAS/MCAL/MSYSTICK" -I"E:/Final Project/NTI4M-ADAS_GP/NTI-ADAS/MCAL/MTIM1" -I"E:/Final Project/NTI4M-ADAS_GP/NTI-ADAS/MCAL/MUSART" -I"E:/Final Project/NTI4M-ADAS_GP/NTI-ADAS/Src" -O0 -ffunction-sections -fdata-sections -Wall -fstack-usage -fcyclomatic-complexity -MMD -MP -MF"MCAL/MADC/MADC_prog.d" -MT"MCAL/MADC/MADC_prog.o" --specs=nano.specs -mfloat-abi=soft -mthumb -o "MCAL/MADC/MADC_prog.o"
arm-none-eabi-gcc "../MCAL/GPTIM/TIMERx_program.c" -mcpu=cortex-m3 -std=gnu11 -g3 -DDEBUG -DSTM32 -DSTM32F1 -DSTM32F103C8Tx -c -I../Inc -I"E:/Final Project/NTI4M-ADAS_GP/NTI-ADAS" -I"E:/Final Project/NTI4M-ADAS_GP/NTI-ADAS" -I"E:/Final Project/NTI4M-ADAS_GP/NTI-ADAS/APP" -I"E:/Final Project/NTI4M-ADAS_GP/NTI-ADAS/HAL/DC MOTOR" -I"E:/Final Project/NTI4M-ADAS_GP/NTI-ADAS/HAL/HIR" -I"E:/Final Project/NTI4M-ADAS_GP/NTI-ADAS/HAL/HLCD" -I"E:/Final Project/NTI4M-ADAS_GP/NTI-ADAS/HAL/HLM35 TEMP" -I"E:/Final Project/NTI4M-ADAS_GP/NTI-ADAS/HAL/HPIR" -I"E:/Final Project/NTI4M-ADAS_GP/NTI-ADAS/HAL/HRAIN SENSOR" -I"E:/Final Project/NTI4M-ADAS_GP/NTI-ADAS/HAL/HRPLIDAR" -I"E:/Final Project/NTI4M-ADAS_GP/NTI-ADAS/HAL/HULTRASONIC" -I"E:/Final Project/NTI4M-ADAS_GP/NTI-ADAS/Inc" -I"E:/Final Project/NTI4M-ADAS_GP/NTI-ADAS/LIB" -I"E:/Final Project/NTI4M-ADAS_GP/NTI-ADAS/MCAL" -I"E:/Final Project/NTI4M-ADAS_GP/NTI-ADAS/MCAL/GPTIM" -I"E:/Final Project/NTI4M-ADAS_GP/NTI-ADAS/MCAL/MADC" -I"E:/Final Project/NTI4M-ADAS_GP/NTI-ADAS/MCAL/MAFIO" -I"E:/Final Project/NTI4M-ADAS_GP/NTI-ADAS/MCAL/MEXTI" -I"E:/Final Project/NTI4M-ADAS_GP/NTI-ADAS/MCAL/MGPIO" -I"E:/Final Project/NTI4M-ADAS_GP/NTI-ADAS/MCAL/MNVIC" -I"E:/Final Project/NTI4M-ADAS_GP/NTI-ADAS/MCAL/MRCC" -I"E:/Final Project/NTI4M-ADAS_GP/NTI-ADAS/MCAL/MSYSTICK" -I"E:/Final Project/NTI4M-ADAS_GP/NTI-ADAS/MCAL/MTIM1" -I"E:/Final Project/NTI4M-ADAS_GP/NTI-ADAS/MCAL/MUSART" -I"E:/Final Project/NTI4M-ADAS_GP/NTI-ADAS/Src" -O0 -ffunction-sections -fdata-sections -Wall -fstack-usage -fcyclomatic-complexity -MMD -MP -MF"MCAL/GPTIM/TIMERx_program.d" -MT"MCAL/GPTIM/TIMERx_program.o" --specs=nano.specs -mfloat-abi=soft -mthumb -o "MCAL/GPTIM/TIMERx_program.o"
arm-none-eabi-gcc "../HAL/HULTRASONIC/HULTRASONIC_prog.c" -mcpu=cortex-m3 -std=gnu11 -g3 -DDEBUG -DSTM32 -DSTM32F1 -DSTM32F103C8Tx -c -I../Inc -I"E:/Final Project/NTI4M-ADAS_GP/NTI-ADAS" -I"E:/Final Project/NTI4M-ADAS_GP/NTI-ADAS" -I"E:/Final Project/NTI4M-ADAS_GP/NTI-ADAS/APP" -I"E:/Final Project/NTI4M-ADAS_GP/NTI-ADAS/HAL/DC MOTOR" -I"E:/Final Project/NTI4M-ADAS_GP/NTI-ADAS/HAL/HIR" -I"E:/Final Project/NTI4M-ADAS_GP/NTI-ADAS/HAL/HLCD" -I"E:/Final Project/NTI4M-ADAS_GP/NTI-ADAS/HAL/HLM35 TEMP" -I"E:/Final Project/NTI4M-ADAS_GP/NTI-ADAS/HAL/HPIR" -I"E:/Final Project/NTI4M-ADAS_GP/NTI-ADAS/HAL/HRAIN SENSOR" -I"E:/Final Project/NTI4M-ADAS_GP/NTI-ADAS/HAL/HRPLIDAR" -I"E:/Final Project/NTI4M-ADAS_GP/NTI-ADAS/HAL/HULTRASONIC" -I"E:/Final Project/NTI4M-ADAS_GP/NTI-ADAS/Inc" -I"E:/Final Project/NTI4M-ADAS_GP/NTI-ADAS/LIB" -I"E:/Final Project/NTI4M-ADAS_GP/NTI-ADAS/MCAL" -I"E:/Final Project/NTI4M-ADAS_GP/NTI-ADAS/MCAL/GPTIM" -I"E:/Final Project/NTI4M-ADAS_GP/NTI-ADAS/MCAL/MADC" -I"E:/Final Project/NTI4M-ADAS_GP/NTI-ADAS/MCAL/MAFIO" -I"E:/Final Project/NTI4M-ADAS_GP/NTI-ADAS/MCAL/MEXTI" -I"E:/Final Project/NTI4M-ADAS_GP/NTI-ADAS/MCAL/MGPIO" -I"E:/Final Project/NTI4M-ADAS_GP/NTI-ADAS/MCAL/MNVIC" -I"E:/Final Project/NTI4M-ADAS_GP/NTI-ADAS/MCAL/MRCC" -I"E:/Final Project/NTI4M-ADAS_GP/NTI-ADAS/MCAL/MSYSTICK" -I"E:/Final Project/NTI4M-ADAS_GP/NTI-ADAS/MCAL/MTIM1" -I"E:/Final Project/NTI4M-ADAS_GP/NTI-ADAS/MCAL/MUSART" -I"E:/Final Project/NTI4M-ADAS_GP/NTI-ADAS/Src" -O0 -ffunction-sections -fdata-sections -Wall -fstack-usage -fcyclomatic-complexity -MMD -MP -MF"HAL/HULTRASONIC/HULTRASONIC_prog.d" -MT"HAL/HULTRASONIC/HULTRASONIC_prog.o" --specs=nano.specs -mfloat-abi=soft -mthumb -o "HAL/HULTRASONIC/HULTRASONIC_prog.o"
arm-none-eabi-gcc "../HAL/HRPLIDAR/RPLIDAR_program.c" -mcpu=cortex-m3 -std=gnu11 -g3 -DDEBUG -DSTM32 -DSTM32F1 -DSTM32F103C8Tx -c -I../Inc -I"E:/Final Project/NTI4M-ADAS_GP/NTI-ADAS" -I"E:/Final Project/NTI4M-ADAS_GP/NTI-ADAS" -I"E:/Final Project/NTI4M-ADAS_GP/NTI-ADAS/APP" -I"E:/Final Project/NTI4M-ADAS_GP/NTI-ADAS/HAL/DC MOTOR" -I"E:/Final Project/NTI4M-ADAS_GP/NTI-ADAS/HAL/HIR" -I"E:/Final Project/NTI4M-ADAS_GP/NTI-ADAS/HAL/HLCD" -I"E:/Final Project/NTI4M-ADAS_GP/NTI-ADAS/HAL/HLM35 TEMP" -I"E:/Final Project/NTI4M-ADAS_GP/NTI-ADAS/HAL/HPIR" -I"E:/Final Project/NTI4M-ADAS_GP/NTI-ADAS/HAL/HRAIN SENSOR" -I"E:/Final Project/NTI4M-ADAS_GP/NTI-ADAS/HAL/HRPLIDAR" -I"E:/Final Project/NTI4M-ADAS_GP/NTI-ADAS/HAL/HULTRASONIC" -I"E:/Final Project/NTI4M-ADAS_GP/NTI-ADAS/Inc" -I"E:/Final Project/NTI4M-ADAS_GP/NTI-ADAS/LIB" -I"E:/Final Project/NTI4M-ADAS_GP/NTI-ADAS/MCAL" -I"E:/Final Project/NTI4M-ADAS_GP/NTI-ADAS/MCAL/GPTIM" -I"E:/Final Project/NTI4M-ADAS_GP/NTI-ADAS/MCAL/MADC" -I"E:/Final Project/NTI4M-ADAS_GP/NTI-ADAS/MCAL/MAFIO" -I"E:/Final Project/NTI4M-ADAS_GP/NTI-ADAS/MCAL/MEXTI" -I"E:/Final Project/NTI4M-ADAS_GP/NTI-ADAS/MCAL/MGPIO" -I"E:/Final Project/NTI4M-ADAS_GP/NTI-ADAS/MCAL/MNVIC" -I"E:/Final Project/NTI4M-ADAS_GP/NTI-ADAS/MCAL/MRCC" -I"E:/Final Project/NTI4M-ADAS_GP/NTI-ADAS/MCAL/MSYSTICK" -I"E:/Final Project/NTI4M-ADAS_GP/NTI-ADAS/MCAL/MTIM1" -I"E:/Final Project/NTI4M-ADAS_GP/NTI-ADAS/MCAL/MUSART" -I"E:/Final Project/NTI4M-ADAS_GP/NTI-ADAS/Src" -O0 -ffunction-sections -fdata-sections -Wall -fstack-usage -fcyclomatic-complexity -MMD -MP -MF"HAL/HRPLIDAR/RPLIDAR_program.d" -MT"HAL/HRPLIDAR/RPLIDAR_program.o" --specs=nano.specs -mfloat-abi=soft -mthumb -o "HAL/HRPLIDAR/RPLIDAR_program.o"
arm-none-eabi-gcc "../HAL/HRAIN SENSOR/HRAIN_prog.c" -mcpu=cortex-m3 -std=gnu11 -g3 -DDEBUG -DSTM32 -DSTM32F1 -DSTM32F103C8Tx -c -I../Inc -I"E:/Final Project/NTI4M-ADAS_GP/NTI-ADAS" -I"E:/Final Project/NTI4M-ADAS_GP/NTI-ADAS" -I"E:/Final Project/NTI4M-ADAS_GP/NTI-ADAS/APP" -I"E:/Final Project/NTI4M-ADAS_GP/NTI-ADAS/HAL/DC MOTOR" -I"E:/Final Project/NTI4M-ADAS_GP/NTI-ADAS/HAL/HIR" -I"E:/Final Project/NTI4M-ADAS_GP/NTI-ADAS/HAL/HLCD" -I"E:/Final Project/NTI4M-ADAS_GP/NTI-ADAS/HAL/HLM35 TEMP" -I"E:/Final Project/NTI4M-ADAS_GP/NTI-ADAS/HAL/HPIR" -I"E:/Final Project/NTI4M-ADAS_GP/NTI-ADAS/HAL/HRAIN SENSOR" -I"E:/Final Project/NTI4M-ADAS_GP/NTI-ADAS/HAL/HRPLIDAR" -I"E:/Final Project/NTI4M-ADAS_GP/NTI-ADAS/HAL/HULTRASONIC" -I"E:/Final Project/NTI4M-ADAS_GP/NTI-ADAS/Inc" -I"E:/Final Project/NTI4M-ADAS_GP/NTI-ADAS/LIB" -I"E:/Final Project/NTI4M-ADAS_GP/NTI-ADAS/MCAL" -I"E:/Final Project/NTI4M-ADAS_GP/NTI-ADAS/MCAL/GPTIM" -I"E:/Final Project/NTI4M-ADAS_GP/NTI-ADAS/MCAL/MADC" -I"E:/Final Project/NTI4M-ADAS_GP/NTI-ADAS/MCAL/MAFIO" -I"E:/Final Project/NTI4M-ADAS_GP/NTI-ADAS/MCAL/MEXTI" -I"E:/Final Project/NTI4M-ADAS_GP/NTI-ADAS/MCAL/MGPIO" -I"E:/Final Project/NTI4M-ADAS_GP/NTI-ADAS/MCAL/MNVIC" -I"E:/Final Project/NTI4M-ADAS_GP/NTI-ADAS/MCAL/MRCC" -I"E:/Final Project/NTI4M-ADAS_GP/NTI-ADAS/MCAL/MSYSTICK" -I"E:/Final Project/NTI4M-ADAS_GP/NTI-ADAS/MCAL/MTIM1" -I"E:/Final Project/NTI4M-ADAS_GP/NTI-ADAS/MCAL/MUSART" -I"E:/Final Project/NTI4M-ADAS_GP/NTI-ADAS/Src" -O0 -ffunction-sections -fdata-sections -Wall -fstack-usage -fcyclomatic-complexity -MMD -MP -MF"HAL/HRAIN SENSOR/HRAIN_prog.d" -MT"HAL/HRAIN SENSOR/HRAIN_prog.o" --specs=nano.specs -mfloat-abi=soft -mthumb -o "HAL/HRAIN SENSOR/HRAIN_prog.o"
arm-none-eabi-gcc "../HAL/HPIR/PIR_interface.c" -mcpu=cortex-m3 -std=gnu11 -g3 -DDEBUG -DSTM32 -DSTM32F1 -DSTM32F103C8Tx -c -I../Inc -I"E:/Final Project/NTI4M-ADAS_GP/NTI-ADAS" -I"E:/Final Project/NTI4M-ADAS_GP/NTI-ADAS" -I"E:/Final Project/NTI4M-ADAS_GP/NTI-ADAS/APP" -I"E:/Final Project/NTI4M-ADAS_GP/NTI-ADAS/HAL/DC MOTOR" -I"E:/Final Project/NTI4M-ADAS_GP/NTI-ADAS/HAL/HIR" -I"E:/Final Project/NTI4M-ADAS_GP/NTI-ADAS/HAL/HLCD" -I"E:/Final Project/NTI4M-ADAS_GP/NTI-ADAS/HAL/HLM35 TEMP" -I"E:/Final Project/NTI4M-ADAS_GP/NTI-ADAS/HAL/HPIR" -I"E:/Final Project/NTI4M-ADAS_GP/NTI-ADAS/HAL/HRAIN SENSOR" -I"E:/Final Project/NTI4M-ADAS_GP/NTI-ADAS/HAL/HRPLIDAR" -I"E:/Final Project/NTI4M-ADAS_GP/NTI-ADAS/HAL/HULTRASONIC" -I"E:/Final Project/NTI4M-ADAS_GP/NTI-ADAS/Inc" -I"E:/Final Project/NTI4M-ADAS_GP/NTI-ADAS/LIB" -I"E:/Final Project/NTI4M-ADAS_GP/NTI-ADAS/MCAL" -I"E:/Final Project/NTI4M-ADAS_GP/NTI-ADAS/MCAL/GPTIM" -I"E:/Final Project/NTI4M-ADAS_GP/NTI-ADAS/MCAL/MADC" -I"E:/Final Project/NTI4M-ADAS_GP/NTI-ADAS/MCAL/MAFIO" -I"E:/Final Project/NTI4M-ADAS_GP/NTI-ADAS/MCAL/MEXTI" -I"E:/Final Project/NTI4M-ADAS_GP/NTI-ADAS/MCAL/MGPIO" -I"E:/Final Project/NTI4M-ADAS_GP/NTI-ADAS/MCAL/MNVIC" -I"E:/Final Project/NTI4M-ADAS_GP/NTI-ADAS/MCAL/MRCC" -I"E:/Final Project/NTI4M-ADAS_GP/NTI-ADAS/MCAL/MSYSTICK" -I"E:/Final Project/NTI4M-ADAS_GP/NTI-ADAS/MCAL/MTIM1" -I"E:/Final Project/NTI4M-ADAS_GP/NTI-ADAS/MCAL/MUSART" -I"E:/Final Project/NTI4M-ADAS_GP/NTI-ADAS/Src" -O0 -ffunction-sections -fdata-sections -Wall -fstack-usage -fcyclomatic-complexity -MMD -MP -MF"HAL/HPIR/PIR_interface.d" -MT"HAL/HPIR/PIR_interface.o" --specs=nano.specs -mfloat-abi=soft -mthumb -o "HAL/HPIR/PIR_interface.o"
arm-none-eabi-gcc "../HAL/HLM35 TEMP/HLM35_prog.c" -mcpu=cortex-m3 -std=gnu11 -g3 -DDEBUG -DSTM32 -DSTM32F1 -DSTM32F103C8Tx -c -I../Inc -I"E:/Final Project/NTI4M-ADAS_GP/NTI-ADAS" -I"E:/Final Project/NTI4M-ADAS_GP/NTI-ADAS" -I"E:/Final Project/NTI4M-ADAS_GP/NTI-ADAS/APP" -I"E:/Final Project/NTI4M-ADAS_GP/NTI-ADAS/HAL/DC MOTOR" -I"E:/Final Project/NTI4M-ADAS_GP/NTI-ADAS/HAL/HIR" -I"E:/Final Project/NTI4M-ADAS_GP/NTI-ADAS/HAL/HLCD" -I"E:/Final Project/NTI4M-ADAS_GP/NTI-ADAS/HAL/HLM35 TEMP" -I"E:/Final Project/NTI4M-ADAS_GP/NTI-ADAS/HAL/HPIR" -I"E:/Final Project/NTI4M-ADAS_GP/NTI-ADAS/HAL/HRAIN SENSOR" -I"E:/Final Project/NTI4M-ADAS_GP/NTI-ADAS/HAL/HRPLIDAR" -I"E:/Final Project/NTI4M-ADAS_GP/NTI-ADAS/HAL/HULTRASONIC" -I"E:/Final Project/NTI4M-ADAS_GP/NTI-ADAS/Inc" -I"E:/Final Project/NTI4M-ADAS_GP/NTI-ADAS/LIB" -I"E:/Final Project/NTI4M-ADAS_GP/NTI-ADAS/MCAL" -I"E:/Final Project/NTI4M-ADAS_GP/NTI-ADAS/MCAL/GPTIM" -I"E:/Final Project/NTI4M-ADAS_GP/NTI-ADAS/MCAL/MADC" -I"E:/Final Project/NTI4M-ADAS_GP/NTI-ADAS/MCAL/MAFIO" -I"E:/Final Project/NTI4M-ADAS_GP/NTI-ADAS/MCAL/MEXTI" -I"E:/Final Project/NTI4M-ADAS_GP/NTI-ADAS/MCAL/MGPIO" -I"E:/Final Project/NTI4M-ADAS_GP/NTI-ADAS/MCAL/MNVIC" -I"E:/Final Project/NTI4M-ADAS_GP/NTI-ADAS/MCAL/MRCC" -I"E:/Final Project/NTI4M-ADAS_GP/NTI-ADAS/MCAL/MSYSTICK" -I"E:/Final Project/NTI4M-ADAS_GP/NTI-ADAS/MCAL/MTIM1" -I"E:/Final Project/NTI4M-ADAS_GP/NTI-ADAS/MCAL/MUSART" -I"E:/Final Project/NTI4M-ADAS_GP/NTI-ADAS/Src" -O0 -ffunction-sections -fdata-sections -Wall -fstack-usage -fcyclomatic-complexity -MMD -MP -MF"HAL/HLM35 TEMP/HLM35_prog.d" -MT"HAL/HLM35 TEMP/HLM35_prog.o" --specs=nano.specs -mfloat-abi=soft -mthumb -o "HAL/HLM35 TEMP/HLM35_prog.o"
arm-none-eabi-gcc "../HAL/HLCD/HLCD_prog.c" -mcpu=cortex-m3 -std=gnu11 -g3 -DDEBUG -DSTM32 -DSTM32F1 -DSTM32F103C8Tx -c -I../Inc -I"E:/Final Project/NTI4M-ADAS_GP/NTI-ADAS" -I"E:/Final Project/NTI4M-ADAS_GP/NTI-ADAS" -I"E:/Final Project/NTI4M-ADAS_GP/NTI-ADAS/APP" -I"E:/Final Project/NTI4M-ADAS_GP/NTI-ADAS/HAL/DC MOTOR" -I"E:/Final Project/NTI4M-ADAS_GP/NTI-ADAS/HAL/HIR" -I"E:/Final Project/NTI4M-ADAS_GP/NTI-ADAS/HAL/HLCD" -I"E:/Final Project/NTI4M-ADAS_GP/NTI-ADAS/HAL/HLM35 TEMP" -I"E:/Final Project/NTI4M-ADAS_GP/NTI-ADAS/HAL/HPIR" -I"E:/Final Project/NTI4M-ADAS_GP/NTI-ADAS/HAL/HRAIN SENSOR" -I"E:/Final Project/NTI4M-ADAS_GP/NTI-ADAS/HAL/HRPLIDAR" -I"E:/Final Project/NTI4M-ADAS_GP/NTI-ADAS/HAL/HULTRASONIC" -I"E:/Final Project/NTI4M-ADAS_GP/NTI-ADAS/Inc" -I"E:/Final Project/NTI4M-ADAS_GP/NTI-ADAS/LIB" -I"E:/Final Project/NTI4M-ADAS_GP/NTI-ADAS/MCAL" -I"E:/Final Project/NTI4M-ADAS_GP/NTI-ADAS/MCAL/GPTIM" -I"E:/Final Project/NTI4M-ADAS_GP/NTI-ADAS/MCAL/MADC" -I"E:/Final Project/NTI4M-ADAS_GP/NTI-ADAS/MCAL/MAFIO" -I"E:/Final Project/NTI4M-ADAS_GP/NTI-ADAS/MCAL/MEXTI" -I"E:/Final Project/NTI4M-ADAS_GP/NTI-ADAS/MCAL/MGPIO" -I"E:/Final Project/NTI4M-ADAS_GP/NTI-ADAS/MCAL/MNVIC" -I"E:/Final Project/NTI4M-ADAS_GP/NTI-ADAS/MCAL/MRCC" -I"E:/Final Project/NTI4M-ADAS_GP/NTI-ADAS/MCAL/MSYSTICK" -I"E:/Final Project/NTI4M-ADAS_GP/NTI-ADAS/MCAL/MTIM1" -I"E:/Final Project/NTI4M-ADAS_GP/NTI-ADAS/MCAL/MUSART" -I"E:/Final Project/NTI4M-ADAS_GP/NTI-ADAS/Src" -O0 -ffunction-sections -fdata-sections -Wall -fstack-usage -fcyclomatic-complexity -MMD -MP -MF"HAL/HLCD/HLCD_prog.d" -MT"HAL/HLCD/HLCD_prog.o" --specs=nano.specs -mfloat-abi=soft -mthumb -o "HAL/HLCD/HLCD_prog.o"
arm-none-eabi-gcc "../HAL/HIR/IR_program.c" -mcpu=cortex-m3 -std=gnu11 -g3 -DDEBUG -DSTM32 -DSTM32F1 -DSTM32F103C8Tx -c -I../Inc -I"E:/Final Project/NTI4M-ADAS_GP/NTI-ADAS" -I"E:/Final Project/NTI4M-ADAS_GP/NTI-ADAS" -I"E:/Final Project/NTI4M-ADAS_GP/NTI-ADAS/APP" -I"E:/Final Project/NTI4M-ADAS_GP/NTI-ADAS/HAL/DC MOTOR" -I"E:/Final Project/NTI4M-ADAS_GP/NTI-ADAS/HAL/HIR" -I"E:/Final Project/NTI4M-ADAS_GP/NTI-ADAS/HAL/HLCD" -I"E:/Final Project/NTI4M-ADAS_GP/NTI-ADAS/HAL/HLM35 TEMP" -I"E:/Final Project/NTI4M-ADAS_GP/NTI-ADAS/HAL/HPIR" -I"E:/Final Project/NTI4M-ADAS_GP/NTI-ADAS/HAL/HRAIN SENSOR" -I"E:/Final Project/NTI4M-ADAS_GP/NTI-ADAS/HAL/HRPLIDAR" -I"E:/Final Project/NTI4M-ADAS_GP/NTI-ADAS/HAL/HULTRASONIC" -I"E:/Final Project/NTI4M-ADAS_GP/NTI-ADAS/Inc" -I"E:/Final Project/NTI4M-ADAS_GP/NTI-ADAS/LIB" -I"E:/Final Project/NTI4M-ADAS_GP/NTI-ADAS/MCAL" -I"E:/Final Project/NTI4M-ADAS_GP/NTI-ADAS/MCAL/GPTIM" -I"E:/Final Project/NTI4M-ADAS_GP/NTI-ADAS/MCAL/MADC" -I"E:/Final Project/NTI4M-ADAS_GP/NTI-ADAS/MCAL/MAFIO" -I"E:/Final Project/NTI4M-ADAS_GP/NTI-ADAS/MCAL/MEXTI" -I"E:/Final Project/NTI4M-ADAS_GP/NTI-ADAS/MCAL/MGPIO" -I"E:/Final Project/NTI4M-ADAS_GP/NTI-ADAS/MCAL/MNVIC" -I"E:/Final Project/NTI4M-ADAS_GP/NTI-ADAS/MCAL/MRCC" -I"E:/Final Project/NTI4M-ADAS_GP/NTI-ADAS/MCAL/MSYSTICK" -I"E:/Final Project/NTI4M-ADAS_GP/NTI-ADAS/MCAL/MTIM1" -I"E:/Final Project/NTI4M-ADAS_GP/NTI-ADAS/MCAL/MUSART" -I"E:/Final Project/NTI4M-ADAS_GP/NTI-ADAS/Src" -O0 -ffunction-sections -fdata-sections -Wall -fstack-usage -fcyclomatic-complexity -MMD -MP -MF"HAL/HIR/IR_program.d" -MT"HAL/HIR/IR_program.o" --specs=nano.specs -mfloat-abi=soft -mthumb -o "HAL/HIR/IR_program.o"
arm-none-eabi-gcc "../HAL/DC MOTOR/HDCMOTOR_prog.c" -mcpu=cortex-m3 -std=gnu11 -g3 -DDEBUG -DSTM32 -DSTM32F1 -DSTM32F103C8Tx -c -I../Inc -I"E:/Final Project/NTI4M-ADAS_GP/NTI-ADAS" -I"E:/Final Project/NTI4M-ADAS_GP/NTI-ADAS" -I"E:/Final Project/NTI4M-ADAS_GP/NTI-ADAS/APP" -I"E:/Final Project/NTI4M-ADAS_GP/NTI-ADAS/HAL/DC MOTOR" -I"E:/Final Project/NTI4M-ADAS_GP/NTI-ADAS/HAL/HIR" -I"E:/Final Project/NTI4M-ADAS_GP/NTI-ADAS/HAL/HLCD" -I"E:/Final Project/NTI4M-ADAS_GP/NTI-ADAS/HAL/HLM35 TEMP" -I"E:/Final Project/NTI4M-ADAS_GP/NTI-ADAS/HAL/HPIR" -I"E:/Final Project/NTI4M-ADAS_GP/NTI-ADAS/HAL/HRAIN SENSOR" -I"E:/Final Project/NTI4M-ADAS_GP/NTI-ADAS/HAL/HRPLIDAR" -I"E:/Final Project/NTI4M-ADAS_GP/NTI-ADAS/HAL/HULTRASONIC" -I"E:/Final Project/NTI4M-ADAS_GP/NTI-ADAS/Inc" -I"E:/Final Project/NTI4M-ADAS_GP/NTI-ADAS/LIB" -I"E:/Final Project/NTI4M-ADAS_GP/NTI-ADAS/MCAL" -I"E:/Final Project/NTI4M-ADAS_GP/NTI-ADAS/MCAL/GPTIM" -I"E:/Final Project/NTI4M-ADAS_GP/NTI-ADAS/MCAL/MADC" -I"E:/Final Project/NTI4M-ADAS_GP/NTI-ADAS/MCAL/MAFIO" -I"E:/Final Project/NTI4M-ADAS_GP/NTI-ADAS/MCAL/MEXTI" -I"E:/Final Project/NTI4M-ADAS_GP/NTI-ADAS/MCAL/MGPIO" -I"E:/Final Project/NTI4M-ADAS_GP/NTI-ADAS/MCAL/MNVIC" -I"E:/Final Project/NTI4M-ADAS_GP/NTI-ADAS/MCAL/MRCC" -I"E:/Final Project/NTI4M-ADAS_GP/NTI-ADAS/MCAL/MSYSTICK" -I"E:/Final Project/NTI4M-ADAS_GP/NTI-ADAS/MCAL/MTIM1" -I"E:/Final Project/NTI4M-ADAS_GP/NTI-ADAS/MCAL/MUSART" -I"E:/Final Project/NTI4M-ADAS_GP/NTI-ADAS/Src" -O0 -ffunction-sections -fdata-sections -Wall -fstack-usage -fcyclomatic-complexity -MMD -MP -MF"HAL/DC MOTOR/HDCMOTOR_prog.d" -MT"HAL/DC MOTOR/HDCMOTOR_prog.o" --specs=nano.specs -mfloat-abi=soft -mthumb -o "HAL/DC MOTOR/HDCMOTOR_prog.o"
arm-none-eabi-gcc "../APP/APP_prog.c" -mcpu=cortex-m3 -std=gnu11 -g3 -DDEBUG -DSTM32 -DSTM32F1 -DSTM32F103C8Tx -c -I../Inc -I"E:/Final Project/NTI4M-ADAS_GP/NTI-ADAS" -I"E:/Final Project/NTI4M-ADAS_GP/NTI-ADAS" -I"E:/Final Project/NTI4M-ADAS_GP/NTI-ADAS/APP" -I"E:/Final Project/NTI4M-ADAS_GP/NTI-ADAS/HAL/DC MOTOR" -I"E:/Final Project/NTI4M-ADAS_GP/NTI-ADAS/HAL/HIR" -I"E:/Final Project/NTI4M-ADAS_GP/NTI-ADAS/HAL/HLCD" -I"E:/Final Project/NTI4M-ADAS_GP/NTI-ADAS/HAL/HLM35 TEMP" -I"E:/Final Project/NTI4M-ADAS_GP/NTI-ADAS/HAL/HPIR" -I"E:/Final Project/NTI4M-ADAS_GP/NTI-ADAS/HAL/HRAIN SENSOR" -I"E:/Final Project/NTI4M-ADAS_GP/NTI-ADAS/HAL/HRPLIDAR" -I"E:/Final Project/NTI4M-ADAS_GP/NTI-ADAS/HAL/HULTRASONIC" -I"E:/Final Project/NTI4M-ADAS_GP/NTI-ADAS/Inc" -I"E:/Final Project/NTI4M-ADAS_GP/NTI-ADAS/LIB" -I"E:/Final Project/NTI4M-ADAS_GP/NTI-ADAS/MCAL" -I"E:/Final Project/NTI4M-ADAS_GP/NTI-ADAS/MCAL/GPTIM" -I"E:/Final Project/NTI4M-ADAS_GP/NTI-ADAS/MCAL/MADC" -I"E:/Final Project/NTI4M-ADAS_GP/NTI-ADAS/MCAL/MAFIO" -I"E:/Final Project/NTI4M-ADAS_GP/NTI-ADAS/MCAL/MEXTI" -I"E:/Final Project/NTI4M-ADAS_GP/NTI-ADAS/MCAL/MGPIO" -I"E:/Final Project/NTI4M-ADAS_GP/NTI-ADAS/MCAL/MNVIC" -I"E:/Final Project/NTI4M-ADAS_GP/NTI-ADAS/MCAL/MRCC" -I"E:/Final Project/NTI4M-ADAS_GP/NTI-ADAS/MCAL/MSYSTICK" -I"E:/Final Project/NTI4M-ADAS_GP/NTI-ADAS/MCAL/MTIM1" -I"E:/Final Project/NTI4M-ADAS_GP/NTI-ADAS/MCAL/MUSART" -I"E:/Final Project/NTI4M-ADAS_GP/NTI-ADAS/Src" -O0 -ffunction-sections -fdata-sections -Wall -fstack-usage -fcyclomatic-complexity -MMD -MP -MF"APP/APP_prog.d" -MT"APP/APP_prog.o" --specs=nano.specs -mfloat-abi=soft -mthumb -o "APP/APP_prog.o"
arm-none-eabi-gcc -o "NTI-ADAS.elf" @"objects.list"   -mcpu=cortex-m3 -T"E:\Final Project\NTI4M-ADAS_GP\NTI-ADAS\STM32F103C8TX_FLASH.ld" --specs=nosys.specs -Wl,-Map="NTI-ADAS.map" -Wl,--gc-sections -static --specs=nano.specs -mfloat-abi=soft -mthumb -Wl,--start-group -lc -lm -Wl,--end-group
Finished building target: NTI-ADAS.elf
 
arm-none-eabi-size   NTI-ADAS.elf 
arm-none-eabi-objdump -h -S  NTI-ADAS.elf  > "NTI-ADAS.list"
arm-none-eabi-objcopy  -O ihex  NTI-ADAS.elf  "NTI-ADAS.hex"
   text	   data	    bss	    dec	    hex	filename
   4792	     20	   1772	   6584	   19b8	NTI-ADAS.elf
Finished building: default.size.stdout
 
Finished building: NTI-ADAS.hex
Finished building: NTI-ADAS.list
 
 
14:08:25 **** Incremental Build of configuration Debug for project NTI-ADAS ****
make -j12 all 
arm-none-eabi-gcc "../MCAL/MUSART/MUSART_prog.c" -mcpu=cortex-m3 -std=gnu11 -g3 -DDEBUG -DSTM32 -DSTM32F1 -DSTM32F103C8Tx -c -I../Inc -I"E:/Final Project/NTI4M-ADAS_GP/NTI-ADAS" -I"E:/Final Project/NTI4M-ADAS_GP/NTI-ADAS" -I"E:/Final Project/NTI4M-ADAS_GP/NTI-ADAS/APP" -I"E:/Final Project/NTI4M-ADAS_GP/NTI-ADAS/HAL/DC MOTOR" -I"E:/Final Project/NTI4M-ADAS_GP/NTI-ADAS/HAL/HIR" -I"E:/Final Project/NTI4M-ADAS_GP/NTI-ADAS/HAL/HLCD" -I"E:/Final Project/NTI4M-ADAS_GP/NTI-ADAS/HAL/HLM35 TEMP" -I"E:/Final Project/NTI4M-ADAS_GP/NTI-ADAS/HAL/HPIR" -I"E:/Final Project/NTI4M-ADAS_GP/NTI-ADAS/HAL/HRAIN SENSOR" -I"E:/Final Project/NTI4M-ADAS_GP/NTI-ADAS/HAL/HRPLIDAR" -I"E:/Final Project/NTI4M-ADAS_GP/NTI-ADAS/HAL/HULTRASONIC" -I"E:/Final Project/NTI4M-ADAS_GP/NTI-ADAS/Inc" -I"E:/Final Project/NTI4M-ADAS_GP/NTI-ADAS/LIB" -I"E:/Final Project/NTI4M-ADAS_GP/NTI-ADAS/MCAL" -I"E:/Final Project/NTI4M-ADAS_GP/NTI-ADAS/MCAL/GPTIM" -I"E:/Final Project/NTI4M-ADAS_GP/NTI-ADAS/MCAL/MADC" -I"E:/Final Project/NTI4M-ADAS_GP/NTI-ADAS/MCAL/MAFIO" -I"E:/Final Project/NTI4M-ADAS_GP/NTI-ADAS/MCAL/MEXTI" -I"E:/Final Project/NTI4M-ADAS_GP/NTI-ADAS/MCAL/MGPIO" -I"E:/Final Project/NTI4M-ADAS_GP/NTI-ADAS/MCAL/MNVIC" -I"E:/Final Project/NTI4M-ADAS_GP/NTI-ADAS/MCAL/MRCC" -I"E:/Final Project/NTI4M-ADAS_GP/NTI-ADAS/MCAL/MSYSTICK" -I"E:/Final Project/NTI4M-ADAS_GP/NTI-ADAS/MCAL/MTIM1" -I"E:/Final Project/NTI4M-ADAS_GP/NTI-ADAS/MCAL/MUSART" -I"E:/Final Project/NTI4M-ADAS_GP/NTI-ADAS/Src" -O0 -ffunction-sections -fdata-sections -Wall -fstack-usage -fcyclomatic-complexity -MMD -MP -MF"MCAL/MUSART/MUSART_prog.d" -MT"MCAL/MUSART/MUSART_prog.o" --specs=nano.specs -mfloat-abi=soft -mthumb -o "MCAL/MUSART/MUSART_prog.o"
arm-none-eabi-gcc -o "NTI-ADAS.elf" @"objects.list"   -mcpu=cortex-m3 -T"E:\Final Project\NTI4M-ADAS_GP\NTI-ADAS\STM32F103C8TX_FLASH.ld" --specs=nosys.specs -Wl,-Map="NTI-ADAS.map" -Wl,--gc-sections -static --specs=nano.specs -mfloat-abi=soft -mthumb -Wl,--start-group -lc -lm -Wl,--end-group
Finished building target: NTI-ADAS.elf
 
arm-none-eabi-size   NTI-ADAS.elf 
arm-none-eabi-objdump -h -S  NTI-ADAS.elf  > "NTI-ADAS.list"
arm-none-eabi-objcopy  -O ihex  NTI-ADAS.elf  "NTI-ADAS.hex"
   text	   data	    bss	    dec	    hex	filename
   4792	     20	   1772	   6584	   19b8	NTI-ADAS.elf
Finished building: default.size.stdout
 
Finished building: NTI-ADAS.hex
Finished building: NTI-ADAS.list
 
 
14:11:01 **** Incremental Build of configuration Debug for project NTI-ADAS ****
make -j12 all 
arm-none-eabi-gcc "../APP/APP_prog.c" -mcpu=cortex-m3 -std=gnu11 -g3 -DDEBUG -DSTM32 -DSTM32F1 -DSTM32F103C8Tx -c -I../Inc -I"E:/Final Project/NTI4M-ADAS_GP/NTI-ADAS" -I"E:/Final Project/NTI4M-ADAS_GP/NTI-ADAS" -I"E:/Final Project/NTI4M-ADAS_GP/NTI-ADAS/APP" -I"E:/Final Project/NTI4M-ADAS_GP/NTI-ADAS/HAL/DC MOTOR" -I"E:/Final Project/NTI4M-ADAS_GP/NTI-ADAS/HAL/HIR" -I"E:/Final Project/NTI4M-ADAS_GP/NTI-ADAS/HAL/HLCD" -I"E:/Final Project/NTI4M-ADAS_GP/NTI-ADAS/HAL/HLM35 TEMP" -I"E:/Final Project/NTI4M-ADAS_GP/NTI-ADAS/HAL/HPIR" -I"E:/Final Project/NTI4M-ADAS_GP/NTI-ADAS/HAL/HRAIN SENSOR" -I"E:/Final Project/NTI4M-ADAS_GP/NTI-ADAS/HAL/HRPLIDAR" -I"E:/Final Project/NTI4M-ADAS_GP/NTI-ADAS/HAL/HULTRASONIC" -I"E:/Final Project/NTI4M-ADAS_GP/NTI-ADAS/Inc" -I"E:/Final Project/NTI4M-ADAS_GP/NTI-ADAS/LIB" -I"E:/Final Project/NTI4M-ADAS_GP/NTI-ADAS/MCAL" -I"E:/Final Project/NTI4M-ADAS_GP/NTI-ADAS/MCAL/GPTIM" -I"E:/Final Project/NTI4M-ADAS_GP/NTI-ADAS/MCAL/MADC" -I"E:/Final Project/NTI4M-ADAS_GP/NTI-ADAS/MCAL/MAFIO" -I"E:/Final Project/NTI4M-ADAS_GP/NTI-ADAS/MCAL/MEXTI" -I"E:/Final Project/NTI4M-ADAS_GP/NTI-ADAS/MCAL/MGPIO" -I"E:/Final Project/NTI4M-ADAS_GP/NTI-ADAS/MCAL/MNVIC" -I"E:/Final Project/NTI4M-ADAS_GP/NTI-ADAS/MCAL/MRCC" -I"E:/Final Project/NTI4M-ADAS_GP/NTI-ADAS/MCAL/MSYSTICK" -I"E:/Final Project/NTI4M-ADAS_GP/NTI-ADAS/MCAL/MTIM1" -I"E:/Final Project/NTI4M-ADAS_GP/NTI-ADAS/MCAL/MUSART" -I"E:/Final Project/NTI4M-ADAS_GP/NTI-ADAS/Src" -O0 -ffunction-sections -fdata-sections -Wall -fstack-usage -fcyclomatic-complexity -MMD -MP -MF"APP/APP_prog.d" -MT"APP/APP_prog.o" --specs=nano.specs -mfloat-abi=soft -mthumb -o "APP/APP_prog.o"
arm-none-eabi-gcc -o "NTI-ADAS.elf" @"objects.list"   -mcpu=cortex-m3 -T"E:\Final Project\NTI4M-ADAS_GP\NTI-ADAS\STM32F103C8TX_FLASH.ld" --specs=nosys.specs -Wl,-Map="NTI-ADAS.map" -Wl,--gc-sections -static --specs=nano.specs -mfloat-abi=soft -mthumb -Wl,--start-group -lc -lm -Wl,--end-group
Finished building target: NTI-ADAS.elf
 
arm-none-eabi-size   NTI-ADAS.elf 
arm-none-eabi-objdump -h -S  NTI-ADAS.elf  > "NTI-ADAS.list"
arm-none-eabi-objcopy  -O ihex  NTI-ADAS.elf  "NTI-ADAS.hex"
   text	   data	    bss	    dec	    hex	filename
   4792	     20	   1772	   6584	   19b8	NTI-ADAS.elf
Finished building: default.size.stdout
 
Finished building: NTI-ADAS.hex
Finished building: NTI-ADAS.list
 
 
14:11:27 **** Incremental Build of configuration Debug for project NTI-ADAS ****
make -j12 all 
arm-none-eabi-gcc "../APP/APP_prog.c" -mcpu=cortex-m3 -std=gnu11 -g3 -DDEBUG -DSTM32 -DSTM32F1 -DSTM32F103C8Tx -c -I../Inc -I"E:/Final Project/NTI4M-ADAS_GP/NTI-ADAS" -I"E:/Final Project/NTI4M-ADAS_GP/NTI-ADAS" -I"E:/Final Project/NTI4M-ADAS_GP/NTI-ADAS/APP" -I"E:/Final Project/NTI4M-ADAS_GP/NTI-ADAS/HAL/DC MOTOR" -I"E:/Final Project/NTI4M-ADAS_GP/NTI-ADAS/HAL/HIR" -I"E:/Final Project/NTI4M-ADAS_GP/NTI-ADAS/HAL/HLCD" -I"E:/Final Project/NTI4M-ADAS_GP/NTI-ADAS/HAL/HLM35 TEMP" -I"E:/Final Project/NTI4M-ADAS_GP/NTI-ADAS/HAL/HPIR" -I"E:/Final Project/NTI4M-ADAS_GP/NTI-ADAS/HAL/HRAIN SENSOR" -I"E:/Final Project/NTI4M-ADAS_GP/NTI-ADAS/HAL/HRPLIDAR" -I"E:/Final Project/NTI4M-ADAS_GP/NTI-ADAS/HAL/HULTRASONIC" -I"E:/Final Project/NTI4M-ADAS_GP/NTI-ADAS/Inc" -I"E:/Final Project/NTI4M-ADAS_GP/NTI-ADAS/LIB" -I"E:/Final Project/NTI4M-ADAS_GP/NTI-ADAS/MCAL" -I"E:/Final Project/NTI4M-ADAS_GP/NTI-ADAS/MCAL/GPTIM" -I"E:/Final Project/NTI4M-ADAS_GP/NTI-ADAS/MCAL/MADC" -I"E:/Final Project/NTI4M-ADAS_GP/NTI-ADAS/MCAL/MAFIO" -I"E:/Final Project/NTI4M-ADAS_GP/NTI-ADAS/MCAL/MEXTI" -I"E:/Final Project/NTI4M-ADAS_GP/NTI-ADAS/MCAL/MGPIO" -I"E:/Final Project/NTI4M-ADAS_GP/NTI-ADAS/MCAL/MNVIC" -I"E:/Final Project/NTI4M-ADAS_GP/NTI-ADAS/MCAL/MRCC" -I"E:/Final Project/NTI4M-ADAS_GP/NTI-ADAS/MCAL/MSYSTICK" -I"E:/Final Project/NTI4M-ADAS_GP/NTI-ADAS/MCAL/MTIM1" -I"E:/Final Project/NTI4M-ADAS_GP/NTI-ADAS/MCAL/MUSART" -I"E:/Final Project/NTI4M-ADAS_GP/NTI-ADAS/Src" -O0 -ffunction-sections -fdata-sections -Wall -fstack-usage -fcyclomatic-complexity -MMD -MP -MF"APP/APP_prog.d" -MT"APP/APP_prog.o" --specs=nano.specs -mfloat-abi=soft -mthumb -o "APP/APP_prog.o"
arm-none-eabi-gcc -o "NTI-ADAS.elf" @"objects.list"   -mcpu=cortex-m3 -T"E:\Final Project\NTI4M-ADAS_GP\NTI-ADAS\STM32F103C8TX_FLASH.ld" --specs=nosys.specs -Wl,-Map="NTI-ADAS.map" -Wl,--gc-sections -static --specs=nano.specs -mfloat-abi=soft -mthumb -Wl,--start-group -lc -lm -Wl,--end-group
Finished building target: NTI-ADAS.elf
 
arm-none-eabi-size   NTI-ADAS.elf 
arm-none-eabi-objdump -h -S  NTI-ADAS.elf  > "NTI-ADAS.list"
arm-none-eabi-objcopy  -O ihex  NTI-ADAS.elf  "NTI-ADAS.hex"
   text	   data	    bss	    dec	    hex	filename
   4792	     20	   1772	   6584	   19b8	NTI-ADAS.elf
Finished building: default.size.stdout
 
Finished building: NTI-ADAS.hex
Finished building: NTI-ADAS.list
 
 
