14:11:27 **** Incremental Build of configuration Debug for project NTI-ADAS ****
make -j12 all 
arm-none-eabi-gcc "../APP/APP_prog.c" -mcpu=cortex-m3 -std=gnu11 -g3 -DDEBUG -DSTM32 -DSTM32F1 -DSTM32F103C8Tx -c -I../Inc -I"E:/Final Project/NTI4M-ADAS_GP/NTI-ADAS" -I"E:/Final Project/NTI4M-ADAS_GP/NTI-ADAS" -I"E:/Final Project/NTI4M-ADAS_GP/NTI-ADAS/APP" -I"E:/Final Project/NTI4M-ADAS_GP/NTI-ADAS/HAL/DC MOTOR" -I"E:/Final Project/NTI4M-ADAS_GP/NTI-ADAS/HAL/HIR" -I"E:/Final Project/NTI4M-ADAS_GP/NTI-ADAS/HAL/HLCD" -I"E:/Final Project/NTI4M-ADAS_GP/NTI-ADAS/HAL/HLM35 TEMP" -I"E:/Final Project/NTI4M-ADAS_GP/NTI-ADAS/HAL/HPIR" -I"E:/Final Project/NTI4M-ADAS_GP/NTI-ADAS/HAL/HRAIN SENSOR" -I"E:/Final Project/NTI4M-ADAS_GP/NTI-ADAS/HAL/HRPLIDAR" -I"E:/Final Project/NTI4M-ADAS_GP/NTI-ADAS/HAL/HULTRASONIC" -I"E:/Final Project/NTI4M-ADAS_GP/NTI-ADAS/Inc" -I"E:/Final Project/NTI4M-ADAS_GP/NTI-ADAS/LIB" -I"E:/Final Project/NTI4M-ADAS_GP/NTI-ADAS/MCAL" -I"E:/Final Project/NTI4M-ADAS_GP/NTI-ADAS/MCAL/GPTIM" -I"E:/Final Project/NTI4M-ADAS_GP/NTI-ADAS/MCAL/MADC" -I"E:/Final Project/NTI4M-ADAS_GP/NTI-ADAS/MCAL/MAFIO" -I"E:/Final Project/NTI4M-ADAS_GP/NTI-ADAS/MCAL/MEXTI" -I"E:/Final Project/NTI4M-ADAS_GP/NTI-ADAS/MCAL/MGPIO" -I"E:/Final Project/NTI4M-ADAS_GP/NTI-ADAS/MCAL/MNVIC" -I"E:/Final Project/NTI4M-ADAS_GP/NTI-ADAS/MCAL/MRCC" -I"E:/Final Project/NTI4M-ADAS_GP/NTI-ADAS/MCAL/MSYSTICK" -I"E:/Final Project/NTI4M-ADAS_GP/NTI-ADAS/MCAL/MTIM1" -I"E:/Final Project/NTI4M-ADAS_GP/NTI-ADAS/MCAL/MUSART" -I"E:/Final Project/NTI4M-ADAS_GP/NTI-ADAS/Src" -O0 -ffunction-sections -fdata-sections -Wall -fstack-usage -fcyclomatic-complexity -MMD -MP -MF"APP/APP_prog.d" -MT"APP/APP_prog.o" --specs=nano.specs -mfloat-abi=soft -mthumb -o "APP/APP_prog.o"
arm-none-eabi-gcc -o "NTI-ADAS.elf" @"objects.list"   -mcpu=cortex-m3 -T"E:\Final Project\NTI4M-ADAS_GP\NTI-ADAS\STM32F103C8TX_FLASH.ld" --specs=nosys.specs -Wl,-Map="NTI-ADAS.map" -Wl,--gc-sections -static --specs=nano.specs -mfloat-abi=soft -mthumb -Wl,--start-group -lc -lm -Wl,--end-group
Finished building target: NTI-ADAS.elf
 
arm-none-eabi-size   NTI-ADAS.elf 
arm-none-eabi-objdump -h -S  NTI-ADAS.elf  > "NTI-ADAS.list"
arm-none-eabi-objcopy  -O ihex  NTI-ADAS.elf  "NTI-ADAS.hex"
   text	   data	    bss	    dec	    hex	filename
   4792	     20	   1772	   6584	   19b8	NTI-ADAS.elf
Finished building: default.size.stdout
 
Finished building: NTI-ADAS.hex
Finished building: NTI-ADAS.list
 
 

14:11:28 Build Finished. 0 errors, 0 warnings. (took 450ms)

